(self) wittgena@wittgenas-MacBook-Pro self % python -m dev.e2e.dphi.wasm.phase
 LOG | SYSTEM | INFO  |  contract.path: [PathRegistry] Synced 26 aliases.
[TunnelFactory] Provisioned Sync Tunnel: redis://localhost:6379/0
[Reactor] ⚡ macOS detected. Native CPU Affinity pinning is bypassed (OS constraint).
[Reactor] 🚀 UVLoop (epoll) Policy injected.
[Reactor] Ignition... Loop: EventLoopPolicy | CPU: Core Virtual-16287
 LOG | SYSTEM | INFO  |  wasm.entry: 
[CLI] Starting Isolated WasmTester for suites: ['sandbox', 'anchor', 'cert', 'dynamics']...
 LOG | SYSTEM | INFO  |  wasm.tester: 
--- [START] Orchestrating Distributed WASM Environment (Delegated) ---
[TunnelFactory] Provisioned Async Tunnel: redis://localhost:6379/0
 LOG | SYSTEM | INFO  |  wasm.tester: [SYSTEM] Initializing TaskSupervisor and WasmTaskerDaemon...
 LOG | SYSTEM | INFO  |  xphi.kernel.ops.task.supervisor: [Supervisor] Mounted Daemon: TaskWasm
 LOG | SYSTEM | INFO  |  daemon.taskwasm: [tasker-e44b13-16287] Pre-warming 5 WASM instances...
 LOG | SYSTEM | INFO  |  daemon.taskwasm: [tasker-e44b13-16287] WASM Instance Pool initialized successfully.
 LOG | SYSTEM | INFO  |  daemon.taskwasm: TaskWasm listening: Stream[wasm:execute:stream:tester_isolated] | PubSub[wasm:control:req:tester_isolated] (Max Concurrency: 5, PID: 16287)
 LOG | SYSTEM | INFO  |  wasm.tester: [SYSTEM] Initializing WasmBroker & Scenarios...
 LOG | TEST_EXECUTION | INFO  |  wasm.tester: 
>>> [PHASE] Starting Test Suite: SANDBOX <<<
 LOG | TEST_EXECUTION | INFO  |  scene.sandbox: 
=== [START] Executing Sandbox & Compute Scenarios ===
 LOG | TEST_EXECUTION | INFO  |  space.runner: 
[Control Plane] Shifting WasmCgroup Policy Tier -> SYSTEM
 LOG | SYSTEM | INFO  |  daemon.taskwasm: [6e90cc8f] Global Cgroup default tier updated -> SYSTEM
 LOG | TEST_EXECUTION | INFO  |  space.runner:   └─ Policy successfully enforced to SYSTEM.
 LOG | TEST_EXECUTION | INFO  |  scene.sandbox: 
--- Running Suite: WasmCG Resilience ---
 LOG | TEST_EXECUTION | INFO  |  space.runner: 
[TEST] WasmCG: Unregistered API Call (O(1) Guard) (Func: hack_system_memory)
 LOG | SYSTEM | INFO  |  inter.wasm: ⚙️ [AOT Compile] Compiling phase.wasm (Only once per process)...
 LOG | SYSTEM | INFO  |  inter.wasm: ✅ [AOT Compile] phase.wasm cached successfully.
 LOG | SYSTEM | INFO  |  dphi.cgroup: [worker-4506818208] Cgroup enforced: Tier=SYSTEM, Mem=256MB, Fuel=2,000,000,000
 LOG | TEST_EXECUTION | INFO  |  space.runner:   [PASS] Time: 94.56ms | Output: Phase Collapse Failed: Drift topology malformed (json_parse_err). Root envelope rejected: unknown variant `hack_system_memory`, expected one of `execu
 LOG | TEST_EXECUTION | INFO  |  scene.sandbox: 
--- Running Suite: Determinism & Legacy Isolation ---
 LOG | SYSTEM | INFO  |  daemon.taskwasm: [0c7bc0fa] 🔓 Entering Python Legacy Jail (Tier: SYSTEM, Cached: True)
 LOG | SYSTEM | INFO  |  inter.python: [Deno RPC Request] -> {"jsonrpc": "2.0", "method": "execute", "params": {"code": "print(sum([x**2 for x in range(1000)]))", "context": {"sandbox_tier": "SYSTEM", "timestamp": 1790120616523, "timeout": 5.0, "seed": "dphi_secure_fallback_seed"}}, "id": 4}
 LOG | SYSTEM | INFO  |  daemon.taskwasm: [0c7bc0fa] ⏱️ [Perf] ⚡(Cached) Wait: 0.00ms | Exec: 5.56ms | Total: 5.56ms
 LOG | SYSTEM | INFO  |  daemon.taskwasm: [0c7bc0fa] 📊 Sandbox Metrics: {'mem_usage_bytes': 18401, 'mem_peak_bytes': 41395, 'fuel_consumed': 0, 'fuel_remaining': -1, 'tier': 'SYSTEM', 'timing_ms': {'wait': 0.0, 'spawn': 0.0, 'exec': 5.56}}
 LOG | TEST_EXECUTION | INFO  |  space.runner:   [PASS] Time: 31.77ms | Output: 332833500 
 LOG | SYSTEM | INFO  |  daemon.taskwasm: [3f0d3bfc] 🔓 Entering Python Legacy Jail (Tier: SYSTEM, Cached: True)
 LOG | SYSTEM | INFO  |  inter.python: [Deno RPC Request] -> {"jsonrpc": "2.0", "method": "execute", "params": {"code": "def is_prime(n):\n    if n < 2: return False\n    for i in range(2, int(n**0.5) + 1):\n        if n % i == 0: return False\n    return True\nprimes = [p for p in range(30000) if is_prime(p)]\nprint(f'Found {len(primes)} primes')", "context": {"sandbox_tier": "SYSTEM", "timestamp": 1790120616605, "timeout": 5.0, "seed": "dphi_secure_fallback_seed"}}, "id": 4}
 LOG | SYSTEM | INFO  |  daemon.taskwasm: [3f0d3bfc] ⏱️ [Perf] ⚡(Cached) Wait: 654.14ms | Exec: 44.24ms | Total: 698.37ms
 LOG | SYSTEM | INFO  |  daemon.taskwasm: [3f0d3bfc] 📊 Sandbox Metrics: {'mem_usage_bytes': 80763, 'mem_peak_bytes': 101108, 'fuel_consumed': 0, 'fuel_remaining': -1, 'tier': 'SYSTEM', 'timing_ms': {'wait': 654.14, 'spawn': 0.0, 'exec': 44.24}}
 LOG | TEST_EXECUTION | INFO  |  space.runner:   [PASS] Time: 855.64ms | Output: Found 3245 primes 
 LOG | SYSTEM | INFO  |  daemon.taskwasm: [77aa5396] 🔓 Entering Python Legacy Jail (Tier: SYSTEM, Cached: True)
 LOG | SYSTEM | INFO  |  inter.python: [Deno RPC Request] -> {"jsonrpc": "2.0", "method": "execute", "params": {"code": "import json\ndata = [{'id': i, 'val': i * 2.5, 'active': i % 2 == 0} for i in range(20000)]\nserialized = json.dumps(data)\nparsed = json.loads(serialized)\nprint(f'Processed {len(parsed)} records')", "context": {"sandbox_tier": "SYSTEM", "timestamp": 1790120617470, "timeout": 5.0, "seed": "dphi_secure_fallback_seed"}}, "id": 4}
 LOG | SYSTEM | INFO  |  daemon.taskwasm: [77aa5396] ⏱️ [Perf] ⚡(Cached) Wait: 948.05ms | Exec: 197.21ms | Total: 1145.26ms
 LOG | SYSTEM | INFO  |  daemon.taskwasm: [77aa5396] 📊 Sandbox Metrics: {'mem_usage_bytes': 6707770, 'mem_peak_bytes': 6728085, 'fuel_consumed': 0, 'fuel_remaining': -1, 'tier': 'SYSTEM', 'timing_ms': {'wait': 948.05, 'spawn': 0.0, 'exec': 197.21}}
 LOG | TEST_EXECUTION | INFO  |  space.runner:   [PASS] Time: 1763.52ms | Output: Processed 20000 records 
 LOG | SYSTEM | INFO  |  daemon.taskwasm: [4b3dceb7] 🔓 Entering Python Legacy Jail (Tier: SYSTEM, Cached: True)
 LOG | SYSTEM | INFO  |  inter.python: [Deno RPC Request] -> {"jsonrpc": "2.0", "method": "execute", "params": {"code": "with open('/etc/passwd', 'r') as f:\n    print(f.read())", "context": {"sandbox_tier": "SYSTEM", "timestamp": 1790120619261, "timeout": 5.0, "seed": "dphi_secure_fallback_seed"}}, "id": 4}
 LOG | SYSTEM | INFO  |  daemon.taskwasm: [4b3dceb7] ⏱️ [Perf] ⚡(Cached) Wait: 374.04ms | Exec: 11.79ms | Total: 385.83ms
 LOG | SYSTEM | INFO  |  daemon.taskwasm: [4b3dceb7] 📊 Sandbox Metrics: {'mem_usage_bytes': 62833, 'mem_peak_bytes': 158485, 'fuel_consumed': 0, 'fuel_remaining': -1, 'tier': 'SYSTEM', 'timing_ms': {'wait': 374.04, 'spawn': 0.0, 'exec': 11.79}}
 LOG | TEST_EXECUTION | INFO  |  space.runner:   [PASS] Time: 753.34ms | Output: FileNotFoundError: [44, 'No such file or directory']
 LOG | SYSTEM | INFO  |  dphi.cgroup: [worker-4506818208] Cgroup enforced: Tier=SYSTEM, Mem=256MB, Fuel=2,000,000,000
 LOG | SYSTEM | INFO  |  daemon.taskwasm: [75b8945e] 🔓 Entering Python Legacy Jail (Tier: SYSTEM, Cached: True)
 LOG | SYSTEM | INFO  |  inter.python: [Deno RPC Request] -> {"jsonrpc": "2.0", "method": "execute", "params": {"code": "import socket\ns = socket.socket(socket.AF_INET, socket.SOCK_STREAM)\ns.connect(('8.8.8.8', 53))", "context": {"sandbox_tier": "SYSTEM", "timestamp": 1790120620071, "timeout": 5.0, "seed": "dphi_secure_fallback_seed"}}, "id": 4}
 LOG | SYSTEM | INFO  |  daemon.taskwasm: [75b8945e] ⏱️ [Perf] ⚡(Cached) Wait: 355.04ms | Exec: 36.81ms | Total: 391.86ms
 LOG | SYSTEM | INFO  |  daemon.taskwasm: [75b8945e] 📊 Sandbox Metrics: {'mem_usage_bytes': 64828, 'mem_peak_bytes': 160540, 'fuel_consumed': 0, 'fuel_remaining': -1, 'tier': 'SYSTEM', 'timing_ms': {'wait': 355.04, 'spawn': 0.0, 'exec': 36.81}}
 LOG | TEST_EXECUTION | INFO  |  space.runner:   [PASS] Time: 1251.24ms | Output: OSError: [23, 'Host is unreachable']
 LOG | SYSTEM | INFO  |  daemon.taskwasm: [6b2cff67] 🔓 Entering Python Legacy Jail (Tier: SYSTEM, Cached: True)
 LOG | SYSTEM | INFO  |  inter.python: [Deno RPC Request] -> {"jsonrpc": "2.0", "method": "execute", "params": {"code": "import os\nenv = os.environ\n\n## 1. Active Gateway Permeability: Verify that the explicitly whitelisted orchestration marker successfully penetrates the host-to-sandbox bridge\nis_gateway_working = env.get('FIBER_ISOLATION_MARKER') == '1'\n\n## 2. Host Environment Segregation: Guarantee strict absence of platform-specific or CI-injected variables to maintain absolute determinism across OS architectures.\nblocked_keys = ['GITHUB_ACTIONS', 'COMPUTERNAME', 'XPC_SERVICE_NAME', 'COMMAND_MODE', 'TERM_PROGRAM']\nis_host_blocked = all(k not in env for k in blocked_keys)\n\n## 3. State Entropy Constraint: Strictly cap the total quantity of environment variables\nis_minimal = len(env) <= 11\n\n## [Assertion] A controlled closed system\nisolated = is_gateway_working and is_host_blocked and is_minimal\n\nprint(f'Isolated: {isolated} | Dump: {dict(env)}')", "context": {"sandbox_tier": "SYSTEM", "timestamp": 1790120621356, "timeout": 5.0, "seed": "dphi_secure_fallback_seed"}}, "id": 4}
 LOG | SYSTEM | INFO  |  daemon.taskwasm: [6b2cff67] ⏱️ [Perf] ⚡(Cached) Wait: 701.13ms | Exec: 10.46ms | Total: 711.59ms
 LOG | SYSTEM | INFO  |  daemon.taskwasm: [6b2cff67] 📊 Sandbox Metrics: {'mem_usage_bytes': 20120, 'mem_peak_bytes': 56174, 'fuel_consumed': 0, 'fuel_remaining': -1, 'tier': 'SYSTEM', 'timing_ms': {'wait': 701.13, 'spawn': 0.0, 'exec': 10.46}}
 LOG | TEST_EXECUTION | INFO  |  space.runner:   [PASS] Time: 885.50ms | Output: Isolated: True | Dump: {'USER': 'web_user', 'LOGNAME': 'web_user', 'PATH': '/', 'PWD': '/', 'HOME': '/home/pyodide', 'LANG': 'en_US-u-va-posix.UTF-8',
 LOG | SYSTEM | INFO  |  daemon.taskwasm: [aa60a455] 🔓 Entering Python Legacy Jail (Tier: SYSTEM, Cached: True)
 LOG | SYSTEM | INFO  |  inter.python: [Deno RPC Request] -> {"jsonrpc": "2.0", "method": "execute", "params": {"code": "import subprocess\nsubprocess.run(['ls', '-la'])", "context": {"sandbox_tier": "SYSTEM", "timestamp": 1790120622255, "timeout": 5.0, "seed": "dphi_secure_fallback_seed"}}, "id": 4}
 LOG | SYSTEM | INFO  |  daemon.taskwasm: [aa60a455] ⏱️ [Perf] ⚡(Cached) Wait: 1023.63ms | Exec: 17.36ms | Total: 1040.99ms
 LOG | SYSTEM | INFO  |  daemon.taskwasm: [aa60a455] 📊 Sandbox Metrics: {'mem_usage_bytes': 204504, 'mem_peak_bytes': 515901, 'fuel_consumed': 0, 'fuel_remaining': -1, 'tier': 'SYSTEM', 'timing_ms': {'wait': 1023.63, 'spawn': 0.0, 'exec': 17.36}}
 LOG | TEST_EXECUTION | INFO  |  space.runner:   [PASS] Time: 1219.99ms | Output: OSError: [138, 'emscripten does not support processes.']
 LOG | SYSTEM | INFO  |  daemon.taskwasm: [750a9876] 🔓 Entering Python Legacy Jail (Tier: SYSTEM, Cached: True)
 LOG | SYSTEM | INFO  |  inter.python: [Deno RPC Request] -> {"jsonrpc": "2.0", "method": "execute", "params": {"code": "import threading\ndef f(): pass\nt = threading.Thread(target=f)\nt.start()", "context": {"sandbox_tier": "SYSTEM", "timestamp": 1790120623483, "timeout": 5.0, "seed": "dphi_secure_fallback_seed"}}, "id": 4}
 LOG | SYSTEM | INFO  |  daemon.taskwasm: [750a9876] ⏱️ [Perf] ⚡(Cached) Wait: 1043.81ms | Exec: 16.36ms | Total: 1060.17ms
 LOG | SYSTEM | INFO  |  daemon.taskwasm: [750a9876] 📊 Sandbox Metrics: {'mem_usage_bytes': 158578, 'mem_peak_bytes': 300034, 'fuel_consumed': 0, 'fuel_remaining': -1, 'tier': 'SYSTEM', 'timing_ms': {'wait': 1043.81, 'spawn': 0.0, 'exec': 16.36}}
 LOG | TEST_EXECUTION | INFO  |  space.runner:   [PASS] Time: 1226.63ms | Output: RuntimeError: ["can't start new thread"]
 LOG | SYSTEM | INFO  |  daemon.taskwasm: [3addf542] 🔓 Entering Python Legacy Jail (Tier: SYSTEM, Cached: True)
 LOG | SYSTEM | INFO  |  inter.python: [Deno RPC Request] -> {"jsonrpc": "2.0", "method": "execute", "params": {"code": "import sys\nsys.exit(1)", "context": {"sandbox_tier": "SYSTEM", "timestamp": 1790120624721, "timeout": 5.0, "seed": "dphi_secure_fallback_seed"}}, "id": 4}
 LOG | SYSTEM | INFO  |  daemon.taskwasm: [3addf542] ⏱️ [Perf] ⚡(Cached) Wait: 1000.87ms | Exec: 15.60ms | Total: 1016.47ms
 LOG | SYSTEM | INFO  |  daemon.taskwasm: [3addf542] 📊 Sandbox Metrics: {'mem_usage_bytes': 176460, 'mem_peak_bytes': 272326, 'fuel_consumed': 0, 'fuel_remaining': -1, 'tier': 'SYSTEM', 'timing_ms': {'wait': 1000.87, 'spawn': 0.0, 'exec': 15.6}}
 LOG | TEST_EXECUTION | INFO  |  space.runner:   [PASS] Time: 1165.30ms | Output: Error: Unhandled async error: PythonError
 LOG | SYSTEM | INFO  |  dphi.cgroup: [worker-4506818208] Cgroup enforced: Tier=STANDARD, Mem=64MB, Fuel=10,000,000
 LOG | SYSTEM | INFO  |  daemon.taskwasm: [3028870f] 🔓 Entering Python Legacy Jail (Tier: STANDARD, Cached: True)
 LOG | SYSTEM | INFO  |  inter.python: [Deno RPC Request] -> {"jsonrpc": "2.0", "method": "execute", "params": {"code": "x = 2\nwhile True: x = x ** 2", "context": {"sandbox_tier": "STANDARD", "timestamp": 1790120625935, "timeout": 5.0, "seed": "dphi_secure_fallback_seed"}}, "id": 4}
 LOG | TEST_EXECUTION | WARN  |  dphi.broker: [3028870f] Remote execution timeout (5.0s) on wasm:execute:stream:tester_isolated. (Infinite loop or payload blocked)
 LOG | TEST_EXECUTION | INFO  |  space.runner:   [PASS] Time: 5003.42ms | Output: Remote execution timeout (5.0s)
 LOG | SYSTEM | INFO  |  daemon.taskwasm: [afecca35] 🔓 Entering Python Legacy Jail (Tier: STANDARD, Cached: True)
 LOG | SYSTEM | INFO  |  inter.python: [Deno RPC Request] -> {"jsonrpc": "2.0", "method": "execute", "params": {"code": "lst = []\nwhile True:\n    lst.append(bytearray(10 * 1024 * 1024))", "context": {"sandbox_tier": "STANDARD", "timestamp": 1790120630939, "timeout": 5.0, "seed": "dphi_secure_fallback_seed"}}, "id": 4}
 LOG | SYSTEM | INFO  |  daemon.taskwasm: [afecca35] ⏱️ [Perf] ⚡(Cached) Wait: 0.00ms | Exec: 846.03ms | Total: 846.04ms
 LOG | SYSTEM | INFO  |  daemon.taskwasm: [afecca35] 📊 Sandbox Metrics: {'mem_usage_bytes': -27152851, 'mem_peak_bytes': -27073037, 'fuel_consumed': 11765, 'fuel_remaining': 9988235, 'tier': 'STANDARD', 'timing_ms': {'wait': 0.0, 'spawn': 0.0, 'exec': 846.03}}
 LOG | TEST_EXECUTION | INFO  |  space.runner:   [PASS] Time: 1157.21ms | Output: MemoryError: 
 LOG | SYSTEM | INFO  |  daemon.taskwasm: [eb7c494c] 🔓 Entering Python Legacy Jail (Tier: SYSTEM, Cached: True)
 LOG | SYSTEM | INFO  |  inter.python: [Deno RPC Request] -> {"jsonrpc": "2.0", "method": "execute", "params": {"code": "def recurse(n):\n    return recurse(n+1)\nrecurse(1)", "context": {"sandbox_tier": "SYSTEM", "timestamp": 1790120632186, "timeout": 5.0, "seed": "dphi_secure_fallback_seed"}}, "id": 4}
 LOG | SYSTEM | INFO  |  daemon.taskwasm: [eb7c494c] ⏱️ [Perf] ⚡(Cached) Wait: 0.00ms | Exec: 52.93ms | Total: 52.93ms
 LOG | SYSTEM | INFO  |  daemon.taskwasm: [eb7c494c] 📊 Sandbox Metrics: {'mem_usage_bytes': 214722, 'mem_peak_bytes': 369991, 'fuel_consumed': 0, 'fuel_remaining': -1, 'tier': 'SYSTEM', 'timing_ms': {'wait': 0.0, 'spawn': 0.0, 'exec': 52.93}}
 LOG | TEST_EXECUTION | INFO  |  space.runner:   [PASS] Time: 898.98ms | Output: RecursionError: ['maximum recursion depth exceeded']
 LOG | SYSTEM | WARN  |  daemon.taskwasm: [3028870f] Sandbox Execution Timeout (Infinite loop/Deadlock defended).
 LOG | SYSTEM | INFO  |  daemon.taskwasm: [67051a7f] 🔓 Entering Python Legacy Jail (Tier: SYSTEM, Cached: True)
 LOG | SYSTEM | INFO  |  inter.python: [Deno RPC Request] -> {"jsonrpc": "2.0", "method": "execute", "params": {"code": "import time\nprint(f'{time.time()}|{time.perf_counter()}')", "context": {"sandbox_tier": "SYSTEM", "timestamp": 1790120636137, "timeout": 5.0, "seed": "dphi_secure_fallback_seed"}}, "id": 4}
 LOG | SYSTEM | INFO  |  daemon.taskwasm: [67051a7f] ⏱️ [Perf] ⚡(Cached) Wait: 0.00ms | Exec: 5.21ms | Total: 5.21ms
 LOG | SYSTEM | INFO  |  daemon.taskwasm: [67051a7f] 📊 Sandbox Metrics: {'mem_usage_bytes': 17397, 'mem_peak_bytes': 38851, 'fuel_consumed': 0, 'fuel_remaining': -1, 'tier': 'SYSTEM', 'timing_ms': {'wait': 0.0, 'spawn': 0.0, 'exec': 5.21}}
 LOG | TEST_EXECUTION | INFO  |  space.runner:   [PASS] Time: 184.62ms | Output: 1790120636137.0|0.001 
 LOG | SYSTEM | INFO  |  daemon.taskwasm: [d9559877] 🔓 Entering Python Legacy Jail (Tier: SYSTEM, Cached: True)
 LOG | SYSTEM | INFO  |  inter.python: [Deno RPC Request] -> {"jsonrpc": "2.0", "method": "execute", "params": {"code": "import time, random\nprint(f'{time.time()}|{random.random()}')", "context": {"timestamp": 1600000000, "seed": "proof_of_compute_seed_777", "sandbox_tier": "SYSTEM", "timeout": 5.0}}, "id": 4}
 LOG | SYSTEM | INFO  |  daemon.taskwasm: [d9559877] ⏱️ [Perf] ⚡(Cached) Wait: 0.00ms | Exec: 5.17ms | Total: 5.18ms
 LOG | SYSTEM | INFO  |  daemon.taskwasm: [d9559877] 📊 Sandbox Metrics: {'mem_usage_bytes': 17342, 'mem_peak_bytes': 38993, 'fuel_consumed': 0, 'fuel_remaining': -1, 'tier': 'SYSTEM', 'timing_ms': {'wait': 0.0, 'spawn': 0.0, 'exec': 5.17}}
 LOG | TEST_EXECUTION | INFO  |  space.runner:   [PASS] Time: 457.73ms | Output: 1600000000.0|0.7736597448236722 
 LOG | SYSTEM | INFO  |  daemon.taskwasm: [07d51fc8] 🔓 Entering Python Legacy Jail (Tier: SYSTEM, Cached: True)
 LOG | SYSTEM | INFO  |  inter.python: [Deno RPC Request] -> {"jsonrpc": "2.0", "method": "execute", "params": {"code": "import random, os\nprint(f'{random.random()}|{os.urandom(4).hex()}')", "context": {"phase": "TEST_EXECUTION", "flow_id": "96028652348780544", "timestamp": 1790120636854, "timeout": 5.0, "seed": "dphi_secure_fallback_seed"}}, "id": 4}
 LOG | SYSTEM | INFO  |  daemon.taskwasm: [07d51fc8] ⏱️ [Perf] ⚡(Cached) Wait: 0.01ms | Exec: 9.26ms | Total: 9.27ms
 LOG | SYSTEM | INFO  |  daemon.taskwasm: [07d51fc8] 📊 Sandbox Metrics: {'mem_usage_bytes': 17364, 'mem_peak_bytes': 40697, 'fuel_consumed': 0, 'fuel_remaining': -1, 'tier': 'SYSTEM', 'timing_ms': {'wait': 0.01, 'spawn': 0.0, 'exec': 9.26}}
 LOG | SYSTEM | INFO  |  daemon.taskwasm: [5f4412cf] 🔓 Entering Python Legacy Jail (Tier: SYSTEM, Cached: True)
 LOG | SYSTEM | INFO  |  inter.python: [Deno RPC Request] -> {"jsonrpc": "2.0", "method": "execute", "params": {"code": "import random, os\nprint(f'{random.random()}|{os.urandom(4).hex()}')", "context": {"phase": "TEST_EXECUTION", "flow_id": "96028652348780544", "timestamp": 1790120636933, "timeout": 5.0, "seed": "dphi_secure_fallback_seed"}}, "id": 4}
SUMMARY🔥| SYSTEM | INFO  |  [G:0.9] [Acc:0.5] daemon.taskwasm: [5f4412cf] ⏱️ [Perf] ⚡(Cached) Wait: 0.00ms | Exec: 7.44ms | Total: 7.45ms
SUMMARY🔥| SYSTEM | INFO  |  [G:0.8] [Acc:0.7] daemon.taskwasm: [5f4412cf] 📊 Sandbox Metrics: {'mem_usage_bytes': 17430, 'mem_peak_bytes': 40763, 'fuel_consumed': 0, 'fuel_remaining': -1, 'tier': 'SYSTEM', 'timing_ms': {'wait': 0.0, 'spawn': 0.0, 'exec': 7.44}}
 LOG | TEST_EXECUTION | INFO  |  space.runner:   [PASS] Time: 0.00ms | Output: PRNG sequences are 100% identical (0.7946015362095357|71a45460)
 LOG | TEST_EXECUTION | INFO  |  scene.sandbox: 
--- Running Suite: Causality (Epoch-Tick) ---
 LOG | TEST_EXECUTION | INFO  |  space.runner: 
[TEST] Event: Generate Topos Anchor ID (Func: generate_topos_id)
 LOG | SYSTEM | INFO  |  dphi.cgroup: [worker-4506818208] Cgroup enforced: Tier=SYSTEM, Mem=256MB, Fuel=2,000,000,000
 LOG | TEST_EXECUTION | INFO  |  space.runner:   [PASS] Time: 1.80ms | Output: {"id": "96028745323773952"}
 LOG | TEST_EXECUTION | INFO  |  space.runner: 
[TEST] Event: Generate Phase & Nexus ID (Func: generate_phase_id)
 LOG | SYSTEM | INFO  |  dphi.cgroup: [worker-4506717840] Cgroup enforced: Tier=SYSTEM, Mem=256MB, Fuel=2,000,000,000
 LOG | TEST_EXECUTION | INFO  |  space.runner:   [PASS] Time: 1.78ms | Output: {"nexus_id": 25370634, "phase_id": 25370634}
 LOG | TEST_EXECUTION | INFO  |  space.runner: 
[TEST] DI: Phase with Injected State (Func: generate_phase_id)
 LOG | SYSTEM | INFO  |  dphi.cgroup: [worker-4506718448] Cgroup enforced: Tier=SYSTEM, Mem=256MB, Fuel=2,000,000,000
 LOG | TEST_EXECUTION | INFO  |  space.runner:   [PASS] Time: 1.28ms | Output: {"nexus_id": 3448310519, "phase_id": 3448129736}
 LOG | TEST_EXECUTION | INFO  |  scene.sandbox: 
--- Running Suite: Tripartite Parity ---
 LOG | TEST_EXECUTION | INFO  |  space.runner: 
[TEST] Parity: Validate All 3 IDs (Func: verify_parity)
 LOG | SYSTEM | INFO  |  dphi.cgroup: [worker-4504730384] Cgroup enforced: Tier=SYSTEM, Mem=256MB, Fuel=2,000,000,000
SUMMARY🔥| TEST_EXECUTION | INFO  |  [G:0.9] [Acc:1.0] space.runner:   [PASS] Time: 1.30ms | Output: {"is_valid": false}
SUMMARY🔥| TEST_EXECUTION | INFO  |  [G:0.8] [Acc:1.1] space.runner: 
[TEST] Parity: Recover Missing Phase (Func: verify_parity)
 LOG | SYSTEM | INFO  |  dphi.cgroup: [worker-4504731344] Cgroup enforced: Tier=SYSTEM, Mem=256MB, Fuel=2,000,000,000
SUMMARY🔥| TEST_EXECUTION | INFO  |  [G:0.8] [Acc:1.2] space.runner:   [PASS] Time: 1.58ms | Output: {"is_valid": true, "recovered_missing": 810427, "recovered_type": "phase_id"}
SUMMARY🔥| TEST_EXECUTION | INFO  |  [G:0.7] [Acc:1.3] space.runner: 
[TEST] Parity: Insufficient Info (Func: verify_parity)
 LOG | SYSTEM | INFO  |  dphi.cgroup: [worker-4506818208] Cgroup enforced: Tier=SYSTEM, Mem=256MB, Fuel=2,000,000,000
SUMMARY🔥| TEST_EXECUTION | INFO  |  [G:0.7] [Acc:1.5] space.runner:   [PASS] Time: 0.97ms | Output: At least two identification IDs are required for parity recovery and correction
 LOG | TEST_EXECUTION | INFO  |  scene.sandbox: 
--- Running Suite: FFI Robustness ---
[Telemetry] 🚨 Burst Alert Triggered on 'TEST_EXECUTION:space.runner' (Acc: 1.57) Den: 8.00)
SUMMARY🔥| TEST_EXECUTION | INFO  |  [G:0.1] [Acc:1.6] space.runner: 
[TEST] FFI Guard: Malformed JSON (Func: generate_phase_id)
[Telemetry] 🟢 System Stabilized on 'SYSTEM:dphi.cgroup'
 LOG | SYSTEM | INFO  |  dphi.cgroup: [worker-4506717840] Cgroup enforced: Tier=SYSTEM, Mem=256MB, Fuel=2,000,000,000
[Telemetry] 🚨 Burst Alert Triggered on 'TEST_EXECUTION:space.runner' (Acc: 1.69) Den: 8.50)
[Telemetry] 🟢 System Stabilized on 'TEST_EXECUTION:scene.sandbox'
 LOG | TEST_EXECUTION | INFO  |  scene.sandbox: 
--- Running Suite: Resource Fuel Profiling ---
[Telemetry] 🚨 Burst Alert Triggered on 'TEST_EXECUTION:space.runner' (Acc: 1.80) Den: 9.00)
[Telemetry] 🟢 System Stabilized on 'SYSTEM:dphi.cgroup'
 LOG | SYSTEM | INFO  |  dphi.cgroup: [worker-4506718448] Cgroup enforced: Tier=SYSTEM, Mem=256MB, Fuel=2,000,000,000
[Telemetry] 🚨 Burst Alert Triggered on 'TEST_EXECUTION:space.runner' (Acc: 1.91) Den: 9.50)
[Telemetry] 🟢 System Stabilized on 'SYSTEM:daemon.taskwasm'
SUMMARY🔥| SYSTEM | INFO  |  [G:0.8] [Acc:0.6] daemon.taskwasm: [14d35c58] Global Cgroup default tier updated -> STANDARD
[Telemetry] 🚨 Burst Alert Triggered on 'TEST_EXECUTION:space.runner' (Acc: 2.14) Den: 10.50)
[Telemetry] 🟢 System Stabilized on 'SYSTEM:dphi.cgroup'
 LOG | SYSTEM | INFO  |  dphi.cgroup: [worker-4504730384] Cgroup enforced: Tier=STANDARD, Mem=64MB, Fuel=10,000,000
SUMMARY🔥| TEST_EXECUTION | INFO  |  [G:0.4] [Acc:-0.4] space.runner:   [PASS] Time: 436.72ms | Output: WASM Invoke Failed: error while executing at wasm backtrace:     0:  0x3c3e4 - <unknown>!<wasm function 278>  Caused by:     wasm trap: all fuel consu
SUMMARY🔥| TEST_EXECUTION | INFO  |  [G:0.4] [Acc:-0.3] space.runner: 
[Control Plane] Shifting WasmCgroup Policy Tier -> SYSTEM
SUMMARY🔥| SYSTEM | INFO  |  [G:0.7] [Acc:-0.5] daemon.taskwasm: [9b44899e] Global Cgroup default tier updated -> SYSTEM
SUMMARY🔥| TEST_EXECUTION | INFO  |  [G:0.4] [Acc:-0.2] space.runner:   └─ Policy successfully enforced to SYSTEM.
SUMMARY🔥| TEST_EXECUTION | INFO  |  [G:0.4] [Acc:-0.0] space.runner: 
=== [DONE] Scenarios Completed: 25 Passed, 0 Failed ===
 LOG | TEST_EXECUTION | INFO  |  wasm.tester: 
>>> [PHASE] Starting Test Suite: ANCHOR <<<
 LOG | TEST_EXECUTION | INFO  |  scene.eco: 
=== [START] Unified Master Pipeline (Eco + Anchor) ===
 LOG | TEST_EXECUTION | INFO  |  scene.eco: 
=== [PHASE 1] Executing Unified Ecosystem & Eco Structural Scenarios ===
 LOG | TEST_EXECUTION | INFO  |  scene.eco: 
--- [Data Pipeline] Phase 2: Provenance Fingerprinting ---
SUMMARY🔥| TEST_EXECUTION | INFO  |  [G:0.4] [Acc:0.1] space.runner: 
[TEST] Pipeline: Compute Tamper-Proof Root Fingerprint (Func: compute_root_fingerprint)
 LOG | SYSTEM | INFO  |  dphi.cgroup: [worker-4504731344] Cgroup enforced: Tier=SYSTEM, Mem=256MB, Fuel=2,000,000,000
SUMMARY🔥| TEST_EXECUTION | INFO  |  [G:0.4] [Acc:0.2] space.runner:   [PASS] Time: 1.36ms | Output: {"fingerprint": "fbf9377934509f49080537a62541c60464747c3ca9e67422346b0cca7019ce22", "input_bytes": 42}
 LOG | TEST_EXECUTION | INFO  |  scene.eco: 
--- [Data Pipeline] Phase 3: Epoch Initialization & Parity Triplet ---
SUMMARY🔥| TEST_EXECUTION | INFO  |  [G:0.3] [Acc:0.3] space.runner: 
[TEST] Pipeline: Generate Parity Triplet (init_epoch) (Func: init_epoch)
SUMMARY🔥| SYSTEM | INFO  |  [G:0.9] [Acc:0.1] dphi.cgroup: [worker-4506818208] Cgroup enforced: Tier=SYSTEM, Mem=256MB, Fuel=2,000,000,000
SUMMARY🔥| TEST_EXECUTION | INFO  |  [G:0.3] [Acc:0.4] space.runner:   [PASS] Time: 0.89ms | Output: {"nexus_id": 494934021, "phase_id": 25171973, "topos_id": "96028747584503808"}
 LOG | TEST_EXECUTION | INFO  |  scene.eco: 
--- [Data Pipeline] Phase 4: Self-Healing Recovery ---
SUMMARY🔥| TEST_EXECUTION | INFO  |  [G:0.3] [Acc:0.5] space.runner: 
[TEST] Pipeline: Recover Lost Data via XOR Parity (Func: verify_parity)
SUMMARY🔥| SYSTEM | INFO  |  [G:0.8] [Acc:0.2] dphi.cgroup: [worker-4506717840] Cgroup enforced: Tier=SYSTEM, Mem=256MB, Fuel=2,000,000,000
SUMMARY🔥| TEST_EXECUTION | INFO  |  [G:0.3] [Acc:0.6] space.runner:   [PASS] Time: 0.97ms | Output: {"is_valid": true, "recovered_missing": 810427, "recovered_type": "phase_id"}
 LOG | TEST_EXECUTION | INFO  |  scene.eco: 
--- [State Engine] Phase 1: Ecosystem Tension Evaluation ---
SUMMARY🔥| TEST_EXECUTION | INFO  |  [G:0.3] [Acc:0.8] space.runner: 
[TEST] Engine: Evaluate Network Tension & Load (Func: evaluate_tension)
SUMMARY🔥| SYSTEM | INFO  |  [G:0.8] [Acc:0.3] dphi.cgroup: [worker-4506718448] Cgroup enforced: Tier=SYSTEM, Mem=256MB, Fuel=2,000,000,000
SUMMARY🔥| TEST_EXECUTION | INFO  |  [G:0.3] [Acc:0.8] space.runner:   [PASS] Time: 1.07ms | Output: {"lambda": 0.5, "state": "Fragmented"}
 LOG | TEST_EXECUTION | INFO  |  scene.eco: 
--- [State Engine] Phase 2: Protocol State Evolution ---
SUMMARY🔥| TEST_EXECUTION | INFO  |  [G:0.3] [Acc:0.9] space.runner: 
[TEST] Engine: Process High-Speed Off-chain Evolution (Func: process_evolution)
SUMMARY🔥| SYSTEM | INFO  |  [G:0.7] [Acc:0.5] dphi.cgroup: [worker-4504730384] Cgroup enforced: Tier=SYSTEM, Mem=256MB, Fuel=2,000,000,000
SUMMARY🔥| TEST_EXECUTION | INFO  |  [G:0.3] [Acc:1.1] space.runner:   [PASS] Time: 1.09ms | Output: {"all_residues": [{"kind": "INFO", "msg": "Inverted: pending_proposal -> core_pending_proposal"}, {"kind": "TRANSITION", "msg": "Topology Mutated"}], 
 LOG | TEST_EXECUTION | INFO  |  scene.eco: 
--- [State Engine] Phase 3: Epoch Sealing & Consensus ---
SUMMARY🔥| TEST_EXECUTION | INFO  |  [G:0.3] [Acc:1.2] space.runner: 
[TEST] Engine: Seal Epoch & Finalize State Transition (Func: seal_epoch)
SUMMARY🔥| SYSTEM | INFO  |  [G:0.7] [Acc:0.6] dphi.cgroup: [worker-4504731344] Cgroup enforced: Tier=SYSTEM, Mem=256MB, Fuel=2,000,000,000
SUMMARY🔥| TEST_EXECUTION | INFO  |  [G:0.3] [Acc:1.3] space.runner:   [PASS] Time: 1.23ms | Output: {"anchor_result": {"commit_hash": "90b3abc4210b7aeab6646ea8dbc73b7c10f1462dc788424c5d7e20ef3118719a", "payload_json": "{\"cached_states\":{\"tension_r
 LOG | TEST_EXECUTION | INFO  |  scene.eco: 
--- [Eco Pipeline] Phase 2: Trustless Execution (Sandboxed) ---
SUMMARY🔥| TEST_EXECUTION | INFO  |  [G:0.3] [Acc:1.4] space.runner: 
[TEST] Eco: Execute Constrained Task (Fuel Tracked) (Func: execute_code)
SUMMARY🔥| SYSTEM | INFO  |  [G:0.6] [Acc:0.7] dphi.cgroup: [worker-4506818208] Cgroup enforced: Tier=STANDARD, Mem=64MB, Fuel=10,000,000
SUMMARY🔥| SYSTEM | INFO  |  [G:0.7] [Acc:-0.4] daemon.taskwasm: [05c990ab] 🔓 Entering Python Legacy Jail (Tier: STANDARD, Cached: True)
 LOG | SYSTEM | INFO  |  inter.python: [Deno RPC Request] -> {"jsonrpc": "2.0", "method": "execute", "params": {"code": "\ndef analyze_risk():\n    return 'Validated Risk Score: 42.5'\nprint(analyze_risk())\n", "context": {"phase": "TEST_EXECUTION", "flow_id": "96028652348780544", "timestamp": 1790120637562, "timeout": 5.0, "seed": "dphi_secure_fallback_seed"}}, "id": 4}
SUMMARY🔥| SYSTEM | INFO  |  [G:0.6] [Acc:-0.3] daemon.taskwasm: [05c990ab] ⏱️ [Perf] ⚡(Cached) Wait: 0.00ms | Exec: 6.54ms | Total: 6.54ms
SUMMARY🔥| SYSTEM | INFO  |  [G:0.6] [Acc:-0.2] daemon.taskwasm: [05c990ab] 📊 Sandbox Metrics: {'mem_usage_bytes': 22677, 'mem_peak_bytes': 47791, 'fuel_consumed': 9525, 'fuel_remaining': 9990475, 'tier': 'STANDARD', 'timing_ms': {'wait': 0.0, 'spawn': 0.0, 'exec': 6.54}}
[Telemetry] 🚨 Burst Alert Triggered on 'TEST_EXECUTION:space.runner' (Acc: 1.52) Den: 20.00)
[Telemetry] 🟢 System Stabilized on 'TEST_EXECUTION:scene.eco'
 LOG | TEST_EXECUTION | INFO  |  scene.eco: 
--- [Eco Pipeline] Phase 3: Cryptographic Proof Generation ---
[Telemetry] 🚨 Burst Alert Triggered on 'TEST_EXECUTION:space.runner' (Acc: 1.63) Den: 20.50)
[Telemetry] 🟢 System Stabilized on 'SYSTEM:dphi.cgroup'
[Telemetry] 🚨 Burst Alert Triggered on 'TEST_EXECUTION:space.runner' (Acc: 1.74) Den: 21.00)
[Telemetry] 🟢 System Stabilized on 'TEST_EXECUTION:scene.eco'
SUMMARY🔥| TEST_EXECUTION | INFO  |  [G:0.9] [Acc:1.2] scene.eco: 
--- [Eco Pipeline] Phase 4: Cryptographic Ledger Inscription ---
[Telemetry] 🚨 Burst Alert Triggered on 'TEST_EXECUTION:space.runner' (Acc: 1.86) Den: 21.50)
[Telemetry] 🟢 System Stabilized on 'SYSTEM:dphi.cgroup'
[Telemetry] 🚨 Burst Alert Triggered on 'TEST_EXECUTION:space.runner' (Acc: 1.97) Den: 22.00)
[Telemetry] 🟢 System Stabilized on 'TEST_EXECUTION:scene.eco'
SUMMARY🔥| TEST_EXECUTION | INFO  |  [G:0.8] [Acc:1.4] scene.eco: 
--- [Exchange Pipeline] P2P Order Ingress & Deterministic Settlement ---
SUMMARY🔥| TEST_EXECUTION | INFO  |  [G:0.8] [Acc:1.5] scene.eco: 
--- [Gateway Ingress] Validating trade intent from 3a00b16a... ---
[Telemetry] 🚨 Burst Alert Triggered on 'TEST_EXECUTION:scene.eco' (Acc: 1.59) Den: 7.00)
SUMMARY🔥| TEST_EXECUTION | INFO  |  [G:0.1] [Acc:1.6] scene.eco:   └─ [Ingress Validated] Topos: 96028747731304448, Phase: 25581573
[Telemetry] 🟢 System Stabilized on 'SYSTEM:dphi.cgroup'
[Telemetry] 🚨 Burst Alert Triggered on 'TEST_EXECUTION:scene.eco' (Acc: 1.82) Den: 8.00)
[Telemetry] 🟢 System Stabilized on 'SYSTEM:dphi.cgroup'
[Telemetry] 🚨 Burst Alert Triggered on 'TEST_EXECUTION:space.runner' (Acc: 2.20) Den: 23.00)
[Telemetry] 🟢 System Stabilized on 'TEST_EXECUTION:adapter.transaction'
 LOG | TEST_EXECUTION | INFO  |  adapter.transaction: [ExchangeAdapter] Settlement Finalized. Topos: clearing_batch_1790120637, Parity: 0, Cost: $0.000350
[Telemetry] 🚨 Burst Alert Triggered on 'TEST_EXECUTION:scene.eco' (Acc: 2.27) Den: 10.00)
[Telemetry] 🟢 System Stabilized on 'SYSTEM:dphi.cgroup'
[Telemetry] 🚨 Burst Alert Triggered on 'TEST_EXECUTION:space.runner' (Acc: 2.42) Den: 24.00)
[Telemetry] 🟢 System Stabilized on 'SYSTEM:dphi.cgroup'
[Telemetry] 🚨 Burst Alert Triggered on 'TEST_EXECUTION:space.runner' (Acc: 2.65) Den: 25.00)
SUMMARY🔥| SYSTEM | INFO  |  [G:0.1] [Acc:1.6] dphi.cgroup: [worker-4504730384] Cgroup enforced: Tier=SYSTEM, Mem=256MB, Fuel=2,000,000,000
[Telemetry] 🟢 System Stabilized on 'TEST_EXECUTION:infra.sandbox'
 LOG | TEST_EXECUTION | INFO  |  infra.sandbox: 
=== [Lifecycle START] AI Agent Swarm Consensus (M-of-N) ===
 LOG | TEST_EXECUTION | INFO  |  infra.sandbox: --- [Flow 1] Initialization: Requesting Parity Triplet ---
[Telemetry] 🚨 Burst Alert Triggered on 'SYSTEM:dphi.cgroup' (Acc: 1.82) Den: 13.00)
[Telemetry] 🟢 System Stabilized on 'TEST_EXECUTION:infra.sandbox'
 LOG | TEST_EXECUTION | INFO  |  infra.sandbox:   └─ Generated Nexus ID: 641728514
 LOG | TEST_EXECUTION | INFO  |  infra.sandbox: --- [Flow 1.5] Economy: AP2 Mandate Validation ---
 LOG | TEST_EXECUTION | INFO  |  infra.sandbox: --- [Flow 2] Inscription: Gathering Local Node States ---
[Telemetry] 🚨 Burst Alert Triggered on 'TEST_EXECUTION:space.runner' (Acc: 3.20) Den: 27.50)
[Telemetry] 🟢 System Stabilized on 'TEST_EXECUTION:infra.sandbox'
 LOG | TEST_EXECUTION | INFO  |  infra.sandbox: --- [Flow 2.5] Economy: Off-chain Capability Token Issuance / Metering ---
 LOG | TEST_EXECUTION | INFO  |  infra.sandbox: --- [Flow 3] Sealing: Cryptographic Epoch Alignment ---
[Telemetry] 🚨 Burst Alert Triggered on 'SYSTEM:dphi.cgroup' (Acc: 2.27) Den: 15.00)
[Telemetry] 🟢 System Stabilized on 'TEST_EXECUTION:infra.sandbox'
 LOG | TEST_EXECUTION | INFO  |  infra.sandbox:   └─ Epoch Sealed Successfully via Multi-sig Consensus.
 LOG | TEST_EXECUTION | INFO  |  infra.sandbox: --- [Flow 4] Transition: Validating & Applying State Evolution ---
[Telemetry] 🚨 Burst Alert Triggered on 'TEST_EXECUTION:space.runner' (Acc: 3.88) Den: 30.50)
[Telemetry] 🟢 System Stabilized on 'TEST_EXECUTION:infra.sandbox'
 LOG | TEST_EXECUTION | INFO  |  infra.sandbox: --- [Flow 5] Finality: Zero-Trust Parity & Recovery Verification ---
[Telemetry] 🚨 Burst Alert Triggered on 'TEST_EXECUTION:space.runner' (Acc: 4.11) Den: 31.50)
[Telemetry] 🟢 System Stabilized on 'TEST_EXECUTION:infra.sandbox'
SUMMARY🔥| TEST_EXECUTION | INFO  |  [G:0.9] [Acc:1.2] infra.sandbox: 
=== [Lifecycle START] Cross-Repo Provenance Alignment (M-of-N) ===
SUMMARY🔥| TEST_EXECUTION | INFO  |  [G:0.8] [Acc:1.4] infra.sandbox: --- [Flow 1] Initialization: Requesting Parity Triplet ---
[Telemetry] 🚨 Burst Alert Triggered on 'SYSTEM:dphi.cgroup' (Acc: 2.61) Den: 16.50)
[Telemetry] 🟢 System Stabilized on 'TEST_EXECUTION:infra.sandbox'
SUMMARY🔥| TEST_EXECUTION | INFO  |  [G:0.8] [Acc:1.5] infra.sandbox:   └─ Generated Nexus ID: 734408901
[Telemetry] 🚨 Burst Alert Triggered on 'TEST_EXECUTION:infra.sandbox' (Acc: 1.59) Den: 7.00)
SUMMARY🔥| TEST_EXECUTION | INFO  |  [G:0.1] [Acc:1.6] infra.sandbox: --- [Flow 1.5] Economy: AP2 Mandate Validation ---
[Telemetry] 🟢 System Stabilized on 'TEST_EXECUTION:wasm.tester'
 LOG | TEST_EXECUTION | INFO  |  wasm.tester: 
>>> [PHASE] Starting Test Suite: CERT <<<
 LOG | TEST_EXECUTION | INFO  |  scene.sandbox: 
=======================================================
 LOG | TEST_EXECUTION | INFO  |  scene.sandbox: 🚀 [START] Master System Certification Pipeline (4 Core Proofs)
 LOG | TEST_EXECUTION | INFO  |  scene.sandbox: =======================================================

[Telemetry] 🚨 Burst Alert Triggered on 'TEST_EXECUTION:space.runner' (Acc: 5.17) Den: 37.00)
[Telemetry] 🟢 System Stabilized on 'SYSTEM:daemon.taskwasm'
SUMMARY🔥| SYSTEM | INFO  |  [G:0.6] [Acc:-0.1] daemon.taskwasm: [cd4cdf1c] Global Cgroup default tier updated -> SYSTEM
[Telemetry] 🚨 Burst Alert Triggered on 'TEST_EXECUTION:space.runner' (Acc: 5.25) Den: 37.50)
[Telemetry] 🟢 System Stabilized on 'TEST_EXECUTION:scene.sandbox'
 LOG | TEST_EXECUTION | INFO  |  scene.sandbox: 
--- [Proof 1] Gas Boundary & Memory Trap ---
[Telemetry] 🚨 Burst Alert Triggered on 'TEST_EXECUTION:space.runner' (Acc: 5.36) Den: 38.00)
[Telemetry] 🟢 System Stabilized on 'SYSTEM:daemon.taskwasm'
SUMMARY🔥| SYSTEM | INFO  |  [G:0.5] [Acc:-0.0] daemon.taskwasm: [00047075] Global Cgroup default tier updated -> STANDARD
[Telemetry] 🚨 Burst Alert Triggered on 'TEST_EXECUTION:space.runner' (Acc: 5.44) Den: 38.50)
[Telemetry] 🟢 System Stabilized on 'SYSTEM:daemon.taskwasm'
SUMMARY🔥| SYSTEM | INFO  |  [G:0.5] [Acc:0.1] daemon.taskwasm: [95e5dc13] 🔓 Entering Python Legacy Jail (Tier: STANDARD, Cached: True)
 LOG | SYSTEM | INFO  |  inter.python: [Deno RPC Request] -> {"jsonrpc": "2.0", "method": "execute", "params": {"code": "\nstate_mock = []\nwhile True:\n    state_mock.append('A' * 1024)\n", "context": {"phase": "TEST_EXECUTION", "flow_id": "96028652348780544", "timestamp": 1790120637622, "timeout": 5.0, "seed": "dphi_secure_fallback_seed"}}, "id": 4}
 LOG | SYSTEM | INFO  |  daemon.taskwasm: [95e5dc13] ⏱️ [Perf] ⚡(Cached) Wait: 0.00ms | Exec: 2384.68ms | Total: 2384.68ms
 LOG | SYSTEM | INFO  |  daemon.taskwasm: [95e5dc13] 📊 Sandbox Metrics: {'mem_usage_bytes': 22042814, 'mem_peak_bytes': 22138501, 'fuel_consumed': 10000000, 'fuel_remaining': 0, 'tier': 'STANDARD', 'timing_ms': {'wait': 0.0, 'spawn': 0.0, 'exec': 2384.68}}
 LOG | TEST_EXECUTION | INFO  |  space.runner:   [PASS] Time: 0.00ms | Output: Fuel/Memory Trap triggered successfully. Error: RuntimeError: ['Cgroup Error: CPU Fuel Quota Exceeded (10000000)']
 LOG | TEST_EXECUTION | INFO  |  space.runner: 
[Control Plane] Shifting WasmCgroup Policy Tier -> SYSTEM
 LOG | SYSTEM | INFO  |  daemon.taskwasm: [1081a0e0] Global Cgroup default tier updated -> SYSTEM
 LOG | TEST_EXECUTION | INFO  |  space.runner:   └─ Policy successfully enforced to SYSTEM.
 LOG | TEST_EXECUTION | INFO  |  scene.sandbox: 
--- [Proof 3] Floating-Point Determinism ---
SUMMARY🔥| SYSTEM | INFO  |  [G:0.5] [Acc:1.1] dphi.cgroup: [worker-4504731344] Cgroup enforced: Tier=SYSTEM, Mem=256MB, Fuel=2,000,000,000 (x2)
 LOG | SYSTEM | INFO  |  dphi.cgroup: [worker-4504731344] Cgroup enforced: Tier=SYSTEM, Mem=256MB, Fuel=2,000,000,000
 LOG | SYSTEM | INFO  |  daemon.taskwasm: [b17e98b4] 🔓 Entering Python Legacy Jail (Tier: SYSTEM, Cached: True)
 LOG | SYSTEM | INFO  |  inter.python: [Deno RPC Request] -> {"jsonrpc": "2.0", "method": "execute", "params": {"code": "\nimport math\n# \ube44\uc120\ud615 \uc5f0\uc0b0 \ud6c4 15\uc790\ub9ac \uc815\ubc00\ub3c4\ub85c \ucd9c\ub825\nval = sum(math.sin(i * 0.1) * math.cos(i * 0.05) for i in range(1000))\nprint(f\"{val:.15f}\")\n", "context": {"phase": "TEST_EXECUTION", "flow_id": "96028652348780544", "timestamp": 1790120640059, "timeout": 5.0, "seed": "dphi_secure_fallback_seed"}}, "id": 4}
 LOG | SYSTEM | INFO  |  daemon.taskwasm: [b17e98b4] ⏱️ [Perf] ⚡(Cached) Wait: 0.00ms | Exec: 9.32ms | Total: 9.32ms
 LOG | SYSTEM | INFO  |  daemon.taskwasm: [b17e98b4] 📊 Sandbox Metrics: {'mem_usage_bytes': 17290, 'mem_peak_bytes': 49941, 'fuel_consumed': 0, 'fuel_remaining': -1, 'tier': 'SYSTEM', 'timing_ms': {'wait': 0.0, 'spawn': 0.0, 'exec': 9.32}}
SUMMARY🔥| SYSTEM | INFO  |  [G:0.5] [Acc:1.2] dphi.cgroup: [worker-4506818208] Cgroup enforced: Tier=SYSTEM, Mem=256MB, Fuel=2,000,000,000 (x2)
 LOG | SYSTEM | INFO  |  dphi.cgroup: [worker-4506818208] Cgroup enforced: Tier=SYSTEM, Mem=256MB, Fuel=2,000,000,000
 LOG | SYSTEM | INFO  |  daemon.taskwasm: [aa43b210] 🔓 Entering Python Legacy Jail (Tier: SYSTEM, Cached: True)
 LOG | SYSTEM | INFO  |  inter.python: [Deno RPC Request] -> {"jsonrpc": "2.0", "method": "execute", "params": {"code": "\nimport math\n# \ube44\uc120\ud615 \uc5f0\uc0b0 \ud6c4 15\uc790\ub9ac \uc815\ubc00\ub3c4\ub85c \ucd9c\ub825\nval = sum(math.sin(i * 0.1) * math.cos(i * 0.05) for i in range(1000))\nprint(f\"{val:.15f}\")\n", "context": {"phase": "TEST_EXECUTION", "flow_id": "96028652348780544", "timestamp": 1790120640083, "timeout": 5.0, "seed": "dphi_secure_fallback_seed"}}, "id": 4}
 LOG | SYSTEM | INFO  |  daemon.taskwasm: [aa43b210] ⏱️ [Perf] ⚡(Cached) Wait: 0.00ms | Exec: 9.86ms | Total: 9.86ms
 LOG | SYSTEM | INFO  |  daemon.taskwasm: [aa43b210] 📊 Sandbox Metrics: {'mem_usage_bytes': 17290, 'mem_peak_bytes': 49941, 'fuel_consumed': 0, 'fuel_remaining': -1, 'tier': 'SYSTEM', 'timing_ms': {'wait': 0.0, 'spawn': 0.0, 'exec': 9.86}}
SUMMARY🔥| SYSTEM | INFO  |  [G:0.5] [Acc:1.4] dphi.cgroup: [worker-4506717840] Cgroup enforced: Tier=SYSTEM, Mem=256MB, Fuel=2,000,000,000 (x3)
 LOG | SYSTEM | INFO  |  dphi.cgroup: [worker-4506717840] Cgroup enforced: Tier=SYSTEM, Mem=256MB, Fuel=2,000,000,000
 LOG | SYSTEM | INFO  |  daemon.taskwasm: [06e50352] 🔓 Entering Python Legacy Jail (Tier: SYSTEM, Cached: True)
 LOG | SYSTEM | INFO  |  inter.python: [Deno RPC Request] -> {"jsonrpc": "2.0", "method": "execute", "params": {"code": "\nimport math\n# \ube44\uc120\ud615 \uc5f0\uc0b0 \ud6c4 15\uc790\ub9ac \uc815\ubc00\ub3c4\ub85c \ucd9c\ub825\nval = sum(math.sin(i * 0.1) * math.cos(i * 0.05) for i in range(1000))\nprint(f\"{val:.15f}\")\n", "context": {"phase": "TEST_EXECUTION", "flow_id": "96028652348780544", "timestamp": 1790120640109, "timeout": 5.0, "seed": "dphi_secure_fallback_seed"}}, "id": 4}
SUMMARY🔥| SYSTEM | INFO  |  [G:0.9] [Acc:0.5] daemon.taskwasm: [06e50352] ⏱️ [Perf] ⚡(Cached) Wait: 294.96ms | Exec: 9.50ms | Total: 304.45ms
SUMMARY🔥| SYSTEM | INFO  |  [G:0.8] [Acc:0.6] daemon.taskwasm: [06e50352] 📊 Sandbox Metrics: {'mem_usage_bytes': 17194, 'mem_peak_bytes': 49845, 'fuel_consumed': 0, 'fuel_remaining': -1, 'tier': 'SYSTEM', 'timing_ms': {'wait': 294.96, 'spawn': 0.0, 'exec': 9.5}}
 LOG | TEST_EXECUTION | INFO  |  space.runner:   [PASS] Time: 0.00ms | Output: Perfect Determinism achieved. Result: 1.595196469450608
 LOG | TEST_EXECUTION | INFO  |  scene.sandbox: 
--- [Proof 4] Byzantine Fault & Quarantine ---
 LOG | TEST_EXECUTION | INFO  |  space.runner: 
[TEST] Byzantine Defense: Quarantine rogue signature & accept 2-of-3 threshold (Func: seal_epoch)
SUMMARY🔥| SYSTEM | INFO  |  [G:0.4] [Acc:1.5] dphi.cgroup: [worker-4506718448] Cgroup enforced: Tier=SYSTEM, Mem=256MB, Fuel=2,000,000,000 (x3)
 LOG | SYSTEM | INFO  |  dphi.cgroup: [worker-4506718448] Cgroup enforced: Tier=SYSTEM, Mem=256MB, Fuel=2,000,000,000
 LOG | TEST_EXECUTION | INFO  |  space.runner:   [PASS] Time: 1.99ms | Output: {"anchor_result": {"commit_hash": "f099fdc0738917003d8e6ed0cfaad3bb9e784cd82503b304494fa90204c36c8f", "payload_json": "{\"cached_states\":{},\"parent_
 LOG | TEST_EXECUTION | INFO  |  space.runner: 
=== [DONE] Scenarios Completed: 3 Passed, 0 Failed ===
 LOG | TEST_EXECUTION | INFO  |  wasm.tester: 
>>> [PHASE] Starting Test Suite: DYNAMICS <<<
 LOG | TEST_EXECUTION | INFO  |  scene.sandbox: 
=======================================================
 LOG | TEST_EXECUTION | INFO  |  scene.sandbox: 🌌 [START] Field Dynamics & Continuous Math Kernel Suite
 LOG | TEST_EXECUTION | INFO  |  scene.sandbox: =======================================================

 LOG | TEST_EXECUTION | INFO  |  space.runner: 
[Control Plane] Shifting WasmCgroup Policy Tier -> SYSTEM
SUMMARY🔥| SYSTEM | INFO  |  [G:0.8] [Acc:0.7] daemon.taskwasm: [7c6c1f46] Global Cgroup default tier updated -> SYSTEM
 LOG | TEST_EXECUTION | INFO  |  space.runner:   └─ Policy successfully enforced to SYSTEM.
 LOG | TEST_EXECUTION | INFO  |  scene.sandbox: 
--- [Kernel] Kuramoto Oscillator Sync ---
SUMMARY🔥| SYSTEM | INFO  |  [G:0.5] [Acc:1.0] dphi.cgroup: [worker-4504730384] Cgroup enforced: Tier=SYSTEM, Mem=256MB, Fuel=2,000,000,000 (x2)
 LOG | SYSTEM | INFO  |  dphi.cgroup: [worker-4504730384] Cgroup enforced: Tier=SYSTEM, Mem=256MB, Fuel=2,000,000,000
 LOG | TEST_EXECUTION | INFO  |  space.runner:   [PASS] Time: 0.00ms | Output: Kuramoto Math Verified. d_phase: 0.1000
 LOG | TEST_EXECUTION | INFO  |  scene.sandbox: 
--- [Kernel] FitzHugh-Nagumo Action Potential ---
 LOG | SYSTEM | INFO  |  dphi.cgroup: [worker-4504731344] Cgroup enforced: Tier=SYSTEM, Mem=256MB, Fuel=2,000,000,000
SUMMARY🔥| TEST_EXECUTION | INFO  |  [G:0.9] [Acc:0.9] space.runner:   [PASS] Time: 0.00ms | Output: FHN Spiking logic and high tension (100.0) accurately triggered.
 LOG | TEST_EXECUTION | INFO  |  scene.sandbox: 
--- [Topology] Attractor / Reflector Bypass ---
 LOG | SYSTEM | INFO  |  dphi.cgroup: [worker-4506818208] Cgroup enforced: Tier=SYSTEM, Mem=256MB, Fuel=2,000,000,000
SUMMARY🔥| TEST_EXECUTION | INFO  |  [G:0.8] [Acc:1.0] space.runner:   [PASS] Time: 0.00ms | Output: Attractor & Reflector correctly bypassed O(N^2) interactions.
 LOG | TEST_EXECUTION | INFO  |  scene.sandbox: 
--- [Guard] Dynamics Payload FFI Boundary ---
 LOG | SYSTEM | INFO  |  dphi.cgroup: [worker-4506717840] Cgroup enforced: Tier=SYSTEM, Mem=256MB, Fuel=2,000,000,000
SUMMARY🔥| TEST_EXECUTION | INFO  |  [G:0.8] [Acc:1.1] space.runner:   [PASS] Time: 0.00ms | Output: Correctly trapped bad payload: Malformed JSON
 LOG | SYSTEM | INFO  |  dphi.cgroup: [worker-4506718448] Cgroup enforced: Tier=SYSTEM, Mem=256MB, Fuel=2,000,000,000
SUMMARY🔥| TEST_EXECUTION | INFO  |  [G:0.7] [Acc:1.2] space.runner:   [PASS] Time: 0.00ms | Output: Correctly trapped bad payload: Missing Type
SUMMARY🔥| TEST_EXECUTION | INFO  |  [G:0.7] [Acc:1.3] space.runner: 
=== [DONE] Scenarios Completed: 5 Passed, 0 Failed ===
 LOG | TEST_EXECUTION | INFO  |  wasm.tester: 
[SYSTEM] Generating Canonical Proof for entire test run...
 LOG | SYSTEM | INFO  |  dphi.cgroup: [worker-4504730384] Cgroup enforced: Tier=SYSTEM, Mem=256MB, Fuel=2,000,000,000
 LOG | TEST_EXECUTION | INFO  |  wasm.tester: [Ledger] Test Execution Proof successfully sealed! Hash: c1f63a26080338ebe9b0bd94b5acc34682d64c04a079cfbecd01aa8fafa67b75
 LOG | SYSTEM | INFO  |  wasm.tester: [SYSTEM] Tearing down Sandbox (Shutting down Supervisor)...
 LOG | SYSTEM | INFO  |  xphi.kernel.ops.task.supervisor: [Supervisor] Gracefully stopping 1 daemons concurrently...
 LOG | SYSTEM | INFO  |  wasm.entry: 
===========================================================================
 LOG | SYSTEM | INFO  |  wasm.entry:                         🚀 PIPELINE EXECUTION REPORT                        
 LOG | SYSTEM | INFO  |  wasm.entry: ===========================================================================
 LOG | SYSTEM | INFO  |  wasm.entry: 🟢 [SUCCESS] All Test Suites (sandbox, anchor, cert, dynamics) PASSED.
 LOG | SYSTEM | INFO  |  wasm.entry: 🔗 Execution Canonical Hash: c1f63a26080338ebe9b0bd94b5acc34682d64c04a079cfbecd01aa8fafa67b75
 LOG | SYSTEM | INFO  |  wasm.entry: ===========================================================================

[Reactor] 🏁 Lifecycle terminated cleanly.
SUMMARY🔥| TEST_EXECUTION | INFO  |  [G:0.1] [Acc:5.4] space.runner: [space.runner] Bursting logs suppressed... (x45)
SUMMARY🔥| TEST_EXECUTION | INFO  |  [G:0.1] [Acc:3.0] scene.eco: [scene.eco] Bursting logs suppressed... (x13)
SUMMARY🔥| SYSTEM | INFO  |  [G:0.1] [Acc:3.1] dphi.cgroup: [dphi.cgroup] Bursting logs suppressed... (x16)
SUMMARY🔥| TEST_EXECUTION | INFO  |  [G:0.1] [Acc:2.3] infra.sandbox: [infra.sandbox] Bursting logs suppressed... (x7)