(self) wittgena@wittgenas-MacBook-Pro self % python -m dev.e2e.wasm.phase
 LOG | SYSTEM | INFO  |  contract.path: [PathRegistry] Synced 26 aliases.
[TunnelFactory] Provisioned Sync Tunnel: redis://localhost:6379/0
[Reactor] ⚡ macOS detected. Native CPU Affinity pinning is bypassed (OS constraint).
[Reactor] 🚀 UVLoop (epoll) Policy injected.
[Reactor] Ignition... Loop: EventLoopPolicy | CPU: Core Virtual-97675
 LOG | SYSTEM | INFO  |  wasm.entry: 
[CLI] Starting Isolated WasmTester for suites: ['sandbox', 'anchor', 'cert', 'dynamics']...
 LOG | SYSTEM | INFO  |  wasm.tester: 
--- [START] Orchestrating Distributed WASM Environment (Delegated) ---
[TunnelFactory] Provisioned Async Tunnel: redis://localhost:6379/0
 LOG | SYSTEM | INFO  |  wasm.tester: [SYSTEM] Initializing TaskSupervisor and WasmTaskerDaemon...
 LOG | SYSTEM | INFO  |  xphi.kernel.ops.task.supervisor: [Supervisor] Mounted Daemon: TaskWasm
 LOG | SYSTEM | INFO  |  daemon.taskwasm: [tasker-eddf9b-97675] Pre-warming 5 WASM instances...
 LOG | SYSTEM | INFO  |  daemon.taskwasm: [tasker-eddf9b-97675] WASM Instance Pool initialized successfully.
 LOG | SYSTEM | INFO  |  daemon.taskwasm: TaskWasm listening: Stream[wasm:execute:stream:tester_isolated] | PubSub[wasm:control:req:tester_isolated] (Max Concurrency: 5, PID: 97675)
 LOG | SYSTEM | INFO  |  wasm.tester: [SYSTEM] Initializing WasmBroker & Scenarios...
 LOG | TEST_EXECUTION | INFO  |  wasm.tester: 
>>> [PHASE] Starting Test Suite: SANDBOX <<<
 LOG | TEST_EXECUTION | INFO  |  scene.sandbox: 
=== [START] Executing Sandbox & Compute Scenarios ===
 LOG | TEST_EXECUTION | INFO  |  space.runner: 
[Control Plane] Shifting WasmCgroup Policy Tier -> SYSTEM
 LOG | SYSTEM | INFO  |  daemon.taskwasm: [99408de3] Global Cgroup default tier updated -> SYSTEM
 LOG | TEST_EXECUTION | INFO  |  space.runner:   └─ Policy successfully enforced to SYSTEM.
 LOG | TEST_EXECUTION | INFO  |  scene.sandbox: 
--- Running Suite: WasmCG Resilience ---
 LOG | TEST_EXECUTION | INFO  |  space.runner: 
[TEST] WasmCG: Unregistered API Call (O(1) Guard) (Func: hack_system_memory)
 LOG | SYSTEM | INFO  |  inter.wasm: ⚙️ [AOT Compile] Compiling phase.wasm (Only once per process)...
 LOG | SYSTEM | INFO  |  inter.wasm: ✅ [AOT Compile] phase.wasm cached successfully.
 LOG | SYSTEM | INFO  |  wasm.quota: [worker-4495838912] enforced: Tier=SYSTEM, Mem=256MB, Fuel=2,000,000,000
 LOG | TEST_EXECUTION | INFO  |  space.runner:   [PASS] Time: 111.60ms | Output: Phase Collapse Failed: Drift topology malformed (json_parse_err). Root envelope rejected: unknown variant `hack_system_memory`, expected one of `execu
 LOG | TEST_EXECUTION | INFO  |  scene.sandbox: 
--- Running Suite: Determinism & Legacy Isolation ---
 LOG | SYSTEM | INFO  |  daemon.taskwasm: [75ff068f] 🔓 Entering Python Legacy Jail (Tier: SYSTEM, Cached: True)
 LOG | SYSTEM | INFO  |  inter.python: [Deno RPC Request] -> {"jsonrpc": "2.0", "method": "execute", "params": {"code": "print(sum([x**2 for x in range(1000)]))", "context": {"sandbox_tier": "SYSTEM", "timestamp": 1790903754782, "timeout": 5.0, "seed": "dphi_secure_fallback_seed"}}, "id": 4}
 LOG | SYSTEM | INFO  |  daemon.taskwasm: [75ff068f] ⏱️ [Perf] ⚡(Cached) Wait: 0.00ms | Exec: 4.84ms | Total: 4.84ms
 LOG | SYSTEM | INFO  |  daemon.taskwasm: [75ff068f] 📊 Sandbox Metrics: {'mem_usage_bytes': 18371, 'mem_peak_bytes': 41365, 'fuel_consumed': 0, 'fuel_remaining': -1, 'tier': 'SYSTEM', 'timing_ms': {'wait': 0.0, 'spawn': 0.0, 'exec': 4.84}}
 LOG | TEST_EXECUTION | INFO  |  space.runner:   [PASS] Time: 31.12ms | Output: 332833500 
 LOG | SYSTEM | INFO  |  daemon.taskwasm: [a0d1a0e5] 🔓 Entering Python Legacy Jail (Tier: SYSTEM, Cached: True)
 LOG | SYSTEM | INFO  |  inter.python: [Deno RPC Request] -> {"jsonrpc": "2.0", "method": "execute", "params": {"code": "def is_prime(n):\n    if n < 2: return False\n    for i in range(2, int(n**0.5) + 1):\n        if n % i == 0: return False\n    return True\nprimes = [p for p in range(30000) if is_prime(p)]\nprint(f'Found {len(primes)} primes')", "context": {"sandbox_tier": "SYSTEM", "timestamp": 1790903754814, "timeout": 5.0, "seed": "dphi_secure_fallback_seed"}}, "id": 4}
 LOG | SYSTEM | INFO  |  daemon.taskwasm: [a0d1a0e5] ⏱️ [Perf] ⚡(Cached) Wait: 1083.45ms | Exec: 52.34ms | Total: 1135.79ms
 LOG | SYSTEM | INFO  |  daemon.taskwasm: [a0d1a0e5] 📊 Sandbox Metrics: {'mem_usage_bytes': 80823, 'mem_peak_bytes': 101138, 'fuel_consumed': 0, 'fuel_remaining': -1, 'tier': 'SYSTEM', 'timing_ms': {'wait': 1083.45, 'spawn': 0.0, 'exec': 52.34}}
 LOG | TEST_EXECUTION | INFO  |  space.runner:   [PASS] Time: 1325.13ms | Output: Found 3245 primes 
 LOG | SYSTEM | INFO  |  daemon.taskwasm: [9d0aad7c] 🔓 Entering Python Legacy Jail (Tier: SYSTEM, Cached: True)
 LOG | SYSTEM | INFO  |  inter.python: [Deno RPC Request] -> {"jsonrpc": "2.0", "method": "execute", "params": {"code": "import json\ndata = [{'id': i, 'val': i * 2.5, 'active': i % 2 == 0} for i in range(20000)]\nserialized = json.dumps(data)\nparsed = json.loads(serialized)\nprint(f'Processed {len(parsed)} records')", "context": {"sandbox_tier": "SYSTEM", "timestamp": 1790903756140, "timeout": 5.0, "seed": "dphi_secure_fallback_seed"}}, "id": 4}
 LOG | SYSTEM | INFO  |  daemon.taskwasm: [9d0aad7c] ⏱️ [Perf] ⚡(Cached) Wait: 959.99ms | Exec: 201.64ms | Total: 1161.63ms
 LOG | SYSTEM | INFO  |  daemon.taskwasm: [9d0aad7c] 📊 Sandbox Metrics: {'mem_usage_bytes': 6707770, 'mem_peak_bytes': 6728085, 'fuel_consumed': 0, 'fuel_remaining': -1, 'tier': 'SYSTEM', 'timing_ms': {'wait': 959.99, 'spawn': 0.0, 'exec': 201.64}}
 LOG | TEST_EXECUTION | INFO  |  space.runner:   [PASS] Time: 1331.20ms | Output: Processed 20000 records 
 LOG | SYSTEM | INFO  |  daemon.taskwasm: [5d304851] 🔓 Entering Python Legacy Jail (Tier: SYSTEM, Cached: True)
 LOG | SYSTEM | INFO  |  inter.python: [Deno RPC Request] -> {"jsonrpc": "2.0", "method": "execute", "params": {"code": "with open('/etc/passwd', 'r') as f:\n    print(f.read())", "context": {"sandbox_tier": "SYSTEM", "timestamp": 1790903757472, "timeout": 5.0, "seed": "dphi_secure_fallback_seed"}}, "id": 4}
 LOG | SYSTEM | INFO  |  daemon.taskwasm: [5d304851] ⏱️ [Perf] ⚡(Cached) Wait: 874.32ms | Exec: 12.68ms | Total: 887.00ms
 LOG | SYSTEM | INFO  |  daemon.taskwasm: [5d304851] 📊 Sandbox Metrics: {'mem_usage_bytes': 62918, 'mem_peak_bytes': 158515, 'fuel_consumed': 0, 'fuel_remaining': -1, 'tier': 'SYSTEM', 'timing_ms': {'wait': 874.32, 'spawn': 0.0, 'exec': 12.68}}
 LOG | TEST_EXECUTION | INFO  |  space.runner:   [PASS] Time: 1074.47ms | Output: FileNotFoundError: [44, 'No such file or directory']
 LOG | SYSTEM | INFO  |  wasm.quota: [worker-4495838912] enforced: Tier=SYSTEM, Mem=256MB, Fuel=2,000,000,000
 LOG | SYSTEM | INFO  |  daemon.taskwasm: [25eacf8e] 🔓 Entering Python Legacy Jail (Tier: SYSTEM, Cached: True)
 LOG | SYSTEM | INFO  |  inter.python: [Deno RPC Request] -> {"jsonrpc": "2.0", "method": "execute", "params": {"code": "import socket\ns = socket.socket(socket.AF_INET, socket.SOCK_STREAM)\ns.connect(('8.8.8.8', 53))", "context": {"sandbox_tier": "SYSTEM", "timestamp": 1790903758547, "timeout": 5.0, "seed": "dphi_secure_fallback_seed"}}, "id": 4}
 LOG | SYSTEM | INFO  |  daemon.taskwasm: [25eacf8e] ⏱️ [Perf] ⚡(Cached) Wait: 1066.30ms | Exec: 23.90ms | Total: 1090.20ms
 LOG | SYSTEM | INFO  |  daemon.taskwasm: [25eacf8e] 📊 Sandbox Metrics: {'mem_usage_bytes': 64831, 'mem_peak_bytes': 160543, 'fuel_consumed': 0, 'fuel_remaining': -1, 'tier': 'SYSTEM', 'timing_ms': {'wait': 1066.3, 'spawn': 0.0, 'exec': 23.9}}
 LOG | TEST_EXECUTION | INFO  |  space.runner:   [PASS] Time: 1426.48ms | Output: OSError: [23, 'Host is unreachable']
 LOG | SYSTEM | INFO  |  daemon.taskwasm: [f7a49184] 🔓 Entering Python Legacy Jail (Tier: SYSTEM, Cached: True)
 LOG | SYSTEM | INFO  |  inter.python: [Deno RPC Request] -> {"jsonrpc": "2.0", "method": "execute", "params": {"code": "import os\nenv = os.environ\n\n## 1. Active Gateway Permeability: Verify that the explicitly whitelisted orchestration marker successfully penetrates the host-to-sandbox bridge\nis_gateway_working = env.get('FIBER_ISOLATION_MARKER') == '1'\n\n## 2. Host Environment Segregation: Guarantee strict absence of platform-specific or CI-injected variables to maintain absolute determinism across OS architectures.\nblocked_keys = ['GITHUB_ACTIONS', 'COMPUTERNAME', 'XPC_SERVICE_NAME', 'COMMAND_MODE', 'TERM_PROGRAM']\nis_host_blocked = all(k not in env for k in blocked_keys)\n\n## 3. State Entropy Constraint: Strictly cap the total quantity of environment variables\nis_minimal = len(env) <= 11\n\n## [Assertion] A controlled closed system\nisolated = is_gateway_working and is_host_blocked and is_minimal\n\nprint(f'Isolated: {isolated} | Dump: {dict(env)}')", "context": {"sandbox_tier": "SYSTEM", "timestamp": 1790903760060, "timeout": 5.0, "seed": "dphi_secure_fallback_seed"}}, "id": 4}
 LOG | SYSTEM | INFO  |  daemon.taskwasm: [f7a49184] ⏱️ [Perf] ⚡(Cached) Wait: 768.69ms | Exec: 383.57ms | Total: 1152.26ms
 LOG | SYSTEM | INFO  |  daemon.taskwasm: [f7a49184] 📊 Sandbox Metrics: {'mem_usage_bytes': 20036, 'mem_peak_bytes': 56120, 'fuel_consumed': 0, 'fuel_remaining': -1, 'tier': 'SYSTEM', 'timing_ms': {'wait': 768.69, 'spawn': 0.0, 'exec': 383.57}}
 LOG | TEST_EXECUTION | INFO  |  space.runner:   [PASS] Time: 1424.77ms | Output: Isolated: True | Dump: {'USER': 'web_user', 'LOGNAME': 'web_user', 'PATH': '/', 'PWD': '/', 'HOME': '/home/pyodide', 'LANG': 'en_US-u-va-posix.UTF-8',
 LOG | SYSTEM | INFO  |  daemon.taskwasm: [98b654a2] 🔓 Entering Python Legacy Jail (Tier: SYSTEM, Cached: True)
 LOG | SYSTEM | INFO  |  inter.python: [Deno RPC Request] -> {"jsonrpc": "2.0", "method": "execute", "params": {"code": "import subprocess\nsubprocess.run(['ls', '-la'])", "context": {"sandbox_tier": "SYSTEM", "timestamp": 1790903761526, "timeout": 5.0, "seed": "dphi_secure_fallback_seed"}}, "id": 4}
 LOG | SYSTEM | INFO  |  daemon.taskwasm: [98b654a2] ⏱️ [Perf] ⚡(Cached) Wait: 516.54ms | Exec: 456.34ms | Total: 972.88ms
 LOG | SYSTEM | INFO  |  daemon.taskwasm: [98b654a2] 📊 Sandbox Metrics: {'mem_usage_bytes': 204619, 'mem_peak_bytes': 516062, 'fuel_consumed': 0, 'fuel_remaining': -1, 'tier': 'SYSTEM', 'timing_ms': {'wait': 516.54, 'spawn': 0.0, 'exec': 456.34}}
 LOG | TEST_EXECUTION | INFO  |  space.runner:   [PASS] Time: 1575.36ms | Output: OSError: [138, 'emscripten does not support processes.']
 LOG | SYSTEM | INFO  |  daemon.taskwasm: [44e812ed] 🔓 Entering Python Legacy Jail (Tier: SYSTEM, Cached: True)
 LOG | SYSTEM | INFO  |  inter.python: [Deno RPC Request] -> {"jsonrpc": "2.0", "method": "execute", "params": {"code": "import threading\ndef f(): pass\nt = threading.Thread(target=f)\nt.start()", "context": {"sandbox_tier": "SYSTEM", "timestamp": 1790903763130, "timeout": 5.0, "seed": "dphi_secure_fallback_seed"}}, "id": 4}
 LOG | SYSTEM | INFO  |  daemon.taskwasm: [44e812ed] ⏱️ [Perf] ⚡(Cached) Wait: 151.37ms | Exec: 16.38ms | Total: 167.75ms
 LOG | SYSTEM | INFO  |  daemon.taskwasm: [44e812ed] 📊 Sandbox Metrics: {'mem_usage_bytes': 158609, 'mem_peak_bytes': 300004, 'fuel_consumed': 0, 'fuel_remaining': -1, 'tier': 'SYSTEM', 'timing_ms': {'wait': 151.37, 'spawn': 0.0, 'exec': 16.38}}
 LOG | TEST_EXECUTION | INFO  |  space.runner:   [PASS] Time: 710.17ms | Output: RuntimeError: ["can't start new thread"]
 LOG | SYSTEM | INFO  |  daemon.taskwasm: [3e4c923d] 🔓 Entering Python Legacy Jail (Tier: SYSTEM, Cached: True)
 LOG | SYSTEM | INFO  |  inter.python: [Deno RPC Request] -> {"jsonrpc": "2.0", "method": "execute", "params": {"code": "import sys\nsys.exit(1)", "context": {"sandbox_tier": "SYSTEM", "timestamp": 1790903763883, "timeout": 5.0, "seed": "dphi_secure_fallback_seed"}}, "id": 4}
 LOG | SYSTEM | INFO  |  daemon.taskwasm: [3e4c923d] ⏱️ [Perf] ⚡(Cached) Wait: 587.16ms | Exec: 16.15ms | Total: 603.31ms
 LOG | SYSTEM | INFO  |  daemon.taskwasm: [3e4c923d] 📊 Sandbox Metrics: {'mem_usage_bytes': 176520, 'mem_peak_bytes': 272326, 'fuel_consumed': 0, 'fuel_remaining': -1, 'tier': 'SYSTEM', 'timing_ms': {'wait': 587.16, 'spawn': 0.0, 'exec': 16.15}}
 LOG | TEST_EXECUTION | INFO  |  space.runner:   [PASS] Time: 918.21ms | Output: Error: Unhandled async error: PythonError
 LOG | SYSTEM | INFO  |  wasm.quota: [worker-4495838912] enforced: Tier=STANDARD, Mem=64MB, Fuel=10,000,000
 LOG | SYSTEM | INFO  |  daemon.taskwasm: [aab3af3c] 🔓 Entering Python Legacy Jail (Tier: STANDARD, Cached: True)
 LOG | SYSTEM | INFO  |  inter.python: [Deno RPC Request] -> {"jsonrpc": "2.0", "method": "execute", "params": {"code": "x = 2\nwhile True: x = x ** 2", "context": {"sandbox_tier": "STANDARD", "timestamp": 1790903764811, "timeout": 5.0, "seed": "dphi_secure_fallback_seed"}}, "id": 4}
 LOG | TEST_EXECUTION | WARN  |  dphi.broker: [aab3af3c] Remote execution timeout (5.0s) on wasm:execute:stream:tester_isolated. (Infinite loop or payload blocked)
 LOG | TEST_EXECUTION | INFO  |  space.runner:   [PASS] Time: 5055.34ms | Output: Remote execution timeout (5.0s)
 LOG | SYSTEM | INFO  |  daemon.taskwasm: [1e8c4bc1] 🔓 Entering Python Legacy Jail (Tier: STANDARD, Cached: True)
 LOG | SYSTEM | INFO  |  inter.python: [Deno RPC Request] -> {"jsonrpc": "2.0", "method": "execute", "params": {"code": "lst = []\nwhile True:\n    lst.append(bytearray(10 * 1024 * 1024))", "context": {"sandbox_tier": "STANDARD", "timestamp": 1790903769866, "timeout": 5.0, "seed": "dphi_secure_fallback_seed"}}, "id": 4}
 LOG | SYSTEM | INFO  |  daemon.taskwasm: [1e8c4bc1] ⏱️ [Perf] ⚡(Cached) Wait: 0.00ms | Exec: 755.00ms | Total: 755.00ms
 LOG | SYSTEM | INFO  |  daemon.taskwasm: [1e8c4bc1] 📊 Sandbox Metrics: {'mem_usage_bytes': -27152881, 'mem_peak_bytes': -27073067, 'fuel_consumed': 11765, 'fuel_remaining': 9988235, 'tier': 'STANDARD', 'timing_ms': {'wait': 0.0, 'spawn': 0.0, 'exec': 755.0}}
 LOG | TEST_EXECUTION | INFO  |  space.runner:   [PASS] Time: 1085.42ms | Output: MemoryError: 
 LOG | SYSTEM | INFO  |  daemon.taskwasm: [9f6195e5] 🔓 Entering Python Legacy Jail (Tier: SYSTEM, Cached: True)
 LOG | SYSTEM | INFO  |  inter.python: [Deno RPC Request] -> {"jsonrpc": "2.0", "method": "execute", "params": {"code": "def recurse(n):\n    return recurse(n+1)\nrecurse(1)", "context": {"sandbox_tier": "SYSTEM", "timestamp": 1790903771189, "timeout": 5.0, "seed": "dphi_secure_fallback_seed"}}, "id": 4}
 LOG | SYSTEM | INFO  |  daemon.taskwasm: [9f6195e5] ⏱️ [Perf] ⚡(Cached) Wait: 0.00ms | Exec: 55.00ms | Total: 55.00ms
 LOG | SYSTEM | INFO  |  daemon.taskwasm: [9f6195e5] 📊 Sandbox Metrics: {'mem_usage_bytes': 214728, 'mem_peak_bytes': 369997, 'fuel_consumed': 0, 'fuel_remaining': -1, 'tier': 'SYSTEM', 'timing_ms': {'wait': 0.0, 'spawn': 0.0, 'exec': 55.0}}
 LOG | TEST_EXECUTION | INFO  |  space.runner:   [PASS] Time: 582.97ms | Output: RecursionError: ['maximum recursion depth exceeded']
 LOG | SYSTEM | WARN  |  daemon.taskwasm: [aab3af3c] Sandbox Execution Timeout (Infinite loop/Deadlock defended).
 LOG | SYSTEM | INFO  |  daemon.taskwasm: [312cbdda] 🔓 Entering Python Legacy Jail (Tier: SYSTEM, Cached: True)
 LOG | SYSTEM | INFO  |  inter.python: [Deno RPC Request] -> {"jsonrpc": "2.0", "method": "execute", "params": {"code": "import time\nprint(f'{time.time()}|{time.perf_counter()}')", "context": {"sandbox_tier": "SYSTEM", "timestamp": 1790903774790, "timeout": 5.0, "seed": "dphi_secure_fallback_seed"}}, "id": 4}
 LOG | SYSTEM | INFO  |  daemon.taskwasm: [312cbdda] ⏱️ [Perf] ⚡(Cached) Wait: 0.00ms | Exec: 485.08ms | Total: 485.08ms
 LOG | SYSTEM | INFO  |  daemon.taskwasm: [312cbdda] 📊 Sandbox Metrics: {'mem_usage_bytes': 17430, 'mem_peak_bytes': 38884, 'fuel_consumed': 0, 'fuel_remaining': -1, 'tier': 'SYSTEM', 'timing_ms': {'wait': 0.0, 'spawn': 0.0, 'exec': 485.08}}
 LOG | TEST_EXECUTION | INFO  |  space.runner:   [PASS] Time: 733.49ms | Output: 1790903774790.0|0.001 
 LOG | SYSTEM | INFO  |  daemon.taskwasm: [39c8158a] 🔓 Entering Python Legacy Jail (Tier: SYSTEM, Cached: True)
 LOG | SYSTEM | INFO  |  inter.python: [Deno RPC Request] -> {"jsonrpc": "2.0", "method": "execute", "params": {"code": "import time, random\nprint(f'{time.time()}|{random.random()}')", "context": {"timestamp": 1600000000, "seed": "proof_of_compute_seed_777", "sandbox_tier": "SYSTEM", "timeout": 5.0}}, "id": 4}
 LOG | SYSTEM | INFO  |  daemon.taskwasm: [39c8158a] ⏱️ [Perf] ⚡(Cached) Wait: 0.00ms | Exec: 5.47ms | Total: 5.47ms
 LOG | SYSTEM | INFO  |  daemon.taskwasm: [39c8158a] 📊 Sandbox Metrics: {'mem_usage_bytes': 17246, 'mem_peak_bytes': 38927, 'fuel_consumed': 0, 'fuel_remaining': -1, 'tier': 'SYSTEM', 'timing_ms': {'wait': 0.0, 'spawn': 0.0, 'exec': 5.47}}
 LOG | TEST_EXECUTION | INFO  |  space.runner:   [PASS] Time: 631.44ms | Output: 1600000000.0|0.7736597448236722 
 LOG | SYSTEM | INFO  |  daemon.taskwasm: [c41a77b1] 🔓 Entering Python Legacy Jail (Tier: SYSTEM, Cached: True)
 LOG | SYSTEM | INFO  |  inter.python: [Deno RPC Request] -> {"jsonrpc": "2.0", "method": "execute", "params": {"code": "import random, os\nprint(f'{random.random()}|{os.urandom(4).hex()}')", "context": {"phase": "TEST_EXECUTION", "flow_id": "99313371769352192", "timestamp": 1790903776744, "timeout": 5.0, "seed": "dphi_secure_fallback_seed"}}, "id": 4}
 LOG | SYSTEM | INFO  |  daemon.taskwasm: [c41a77b1] ⏱️ [Perf] ⚡(Cached) Wait: 0.00ms | Exec: 6.12ms | Total: 6.13ms
 LOG | SYSTEM | INFO  |  daemon.taskwasm: [c41a77b1] 📊 Sandbox Metrics: {'mem_usage_bytes': 17364, 'mem_peak_bytes': 40727, 'fuel_consumed': 0, 'fuel_remaining': -1, 'tier': 'SYSTEM', 'timing_ms': {'wait': 0.0, 'spawn': 0.0, 'exec': 6.12}}
 LOG | SYSTEM | INFO  |  daemon.taskwasm: [afc6dda0] 🔓 Entering Python Legacy Jail (Tier: SYSTEM, Cached: True)
 LOG | SYSTEM | INFO  |  inter.python: [Deno RPC Request] -> {"jsonrpc": "2.0", "method": "execute", "params": {"code": "import random, os\nprint(f'{random.random()}|{os.urandom(4).hex()}')", "context": {"phase": "TEST_EXECUTION", "flow_id": "99313371769352192", "timestamp": 1790903777184, "timeout": 5.0, "seed": "dphi_secure_fallback_seed"}}, "id": 4}
 LOG | SYSTEM | INFO  |  daemon.taskwasm: [afc6dda0] ⏱️ [Perf] ⚡(Cached) Wait: 0.00ms | Exec: 6.55ms | Total: 6.55ms
SUMMARY🔥| SYSTEM | INFO  |  [G:0.9] [Acc:0.5] daemon.taskwasm: [afc6dda0] 📊 Sandbox Metrics: {'mem_usage_bytes': 17430, 'mem_peak_bytes': 40763, 'fuel_consumed': 0, 'fuel_remaining': -1, 'tier': 'SYSTEM', 'timing_ms': {'wait': 0.0, 'spawn': 0.0, 'exec': 6.55}}
 LOG | TEST_EXECUTION | INFO  |  space.runner:   [PASS] Time: 0.00ms | Output: PRNG sequences are 100% identical (0.7946015362095357|71a45460)
 LOG | TEST_EXECUTION | INFO  |  scene.sandbox: 
--- Running Suite: Causality (Epoch-Tick) ---
 LOG | TEST_EXECUTION | INFO  |  space.runner: 
[TEST] Event: Generate Topos Anchor ID (Func: generate_topos_id)
 LOG | SYSTEM | INFO  |  wasm.quota: [worker-4495838912] enforced: Tier=SYSTEM, Mem=256MB, Fuel=2,000,000,000
 LOG | TEST_EXECUTION | INFO  |  space.runner:   [PASS] Time: 1.60ms | Output: {"id": "99313473388806144"}
 LOG | TEST_EXECUTION | INFO  |  space.runner: 
[TEST] Event: Generate Phase & Nexus ID (Func: generate_phase_id)
 LOG | SYSTEM | INFO  |  wasm.quota: [worker-4495690496] enforced: Tier=SYSTEM, Mem=256MB, Fuel=2,000,000,000
 LOG | TEST_EXECUTION | INFO  |  space.runner:   [PASS] Time: 1.51ms | Output: {"nexus_id": 25370634, "phase_id": 25370634}
 LOG | TEST_EXECUTION | INFO  |  space.runner: 
[TEST] DI: Phase with Injected State (Func: generate_phase_id)
 LOG | SYSTEM | INFO  |  wasm.quota: [worker-4495691104] enforced: Tier=SYSTEM, Mem=256MB, Fuel=2,000,000,000
 LOG | TEST_EXECUTION | INFO  |  space.runner:   [PASS] Time: 3.83ms | Output: {"nexus_id": 3448310519, "phase_id": 3448129736}
 LOG | TEST_EXECUTION | INFO  |  scene.sandbox: 
--- Running Suite: Tripartite Parity ---
 LOG | TEST_EXECUTION | INFO  |  space.runner: 
[TEST] Parity: Validate All 3 IDs (Func: verify_parity)
 LOG | SYSTEM | INFO  |  wasm.quota: [worker-4495671376] enforced: Tier=SYSTEM, Mem=256MB, Fuel=2,000,000,000
SUMMARY🔥| TEST_EXECUTION | INFO  |  [G:0.9] [Acc:1.0] space.runner:   [PASS] Time: 35.36ms | Output: {"is_valid": false}
SUMMARY🔥| TEST_EXECUTION | INFO  |  [G:0.8] [Acc:1.1] space.runner: 
[TEST] Parity: Recover Missing Phase (Func: verify_parity)
 LOG | SYSTEM | INFO  |  wasm.quota: [worker-4495672016] enforced: Tier=SYSTEM, Mem=256MB, Fuel=2,000,000,000
SUMMARY🔥| TEST_EXECUTION | INFO  |  [G:0.8] [Acc:1.2] space.runner:   [PASS] Time: 8.39ms | Output: {"is_valid": true, "recovered_missing": 810427, "recovered_type": "phase_id"}
SUMMARY🔥| TEST_EXECUTION | INFO  |  [G:0.7] [Acc:1.3] space.runner: 
[TEST] Parity: Insufficient Info (Func: verify_parity)
 LOG | SYSTEM | INFO  |  wasm.quota: [worker-4495838912] enforced: Tier=SYSTEM, Mem=256MB, Fuel=2,000,000,000
SUMMARY🔥| TEST_EXECUTION | INFO  |  [G:0.7] [Acc:1.4] space.runner:   [PASS] Time: 3.57ms | Output: At least two identification IDs are required for parity recovery and correction
 LOG | TEST_EXECUTION | INFO  |  scene.sandbox: 
--- Running Suite: FFI Robustness ---
[Telemetry] 🚨 Burst Alert Triggered on 'TEST_EXECUTION:space.runner' (Acc: 1.55) Den: 8.00)
SUMMARY🔥| TEST_EXECUTION | INFO  |  [G:0.1] [Acc:1.6] space.runner: 
[TEST] FFI Guard: Malformed JSON (Func: generate_phase_id)
[Telemetry] 🟢 System Stabilized on 'SYSTEM:wasm.quota'
 LOG | SYSTEM | INFO  |  wasm.quota: [worker-4495690496] enforced: Tier=SYSTEM, Mem=256MB, Fuel=2,000,000,000
[Telemetry] 🚨 Burst Alert Triggered on 'TEST_EXECUTION:space.runner' (Acc: 1.67) Den: 8.50)
[Telemetry] 🟢 System Stabilized on 'TEST_EXECUTION:scene.sandbox'
 LOG | TEST_EXECUTION | INFO  |  scene.sandbox: 
--- Running Suite: Resource Fuel Profiling ---
[Telemetry] 🚨 Burst Alert Triggered on 'TEST_EXECUTION:space.runner' (Acc: 1.78) Den: 9.00)
[Telemetry] 🟢 System Stabilized on 'SYSTEM:wasm.quota'
 LOG | SYSTEM | INFO  |  wasm.quota: [worker-4495691104] enforced: Tier=SYSTEM, Mem=256MB, Fuel=2,000,000,000
[Telemetry] 🚨 Burst Alert Triggered on 'TEST_EXECUTION:space.runner' (Acc: 1.89) Den: 9.50)
[Telemetry] 🟢 System Stabilized on 'SYSTEM:daemon.taskwasm'
SUMMARY🔥| SYSTEM | INFO  |  [G:0.8] [Acc:0.6] daemon.taskwasm: [304aa8a1] Global Cgroup default tier updated -> STANDARD
[Telemetry] 🚨 Burst Alert Triggered on 'TEST_EXECUTION:space.runner' (Acc: 2.12) Den: 10.50)
[Telemetry] 🟢 System Stabilized on 'SYSTEM:wasm.quota'
 LOG | SYSTEM | INFO  |  wasm.quota: [worker-4495671376] enforced: Tier=STANDARD, Mem=64MB, Fuel=10,000,000
SUMMARY🔥| TEST_EXECUTION | INFO  |  [G:0.5] [Acc:-0.3] space.runner:   [PASS] Time: 447.32ms | Output: WASM Invoke Failed: error while executing at wasm backtrace:     0:  0x3c3e4 - <unknown>!<wasm function 278>  Caused by:     wasm trap: all fuel consu
SUMMARY🔥| TEST_EXECUTION | INFO  |  [G:0.4] [Acc:-0.9] space.runner: 
[Control Plane] Shifting WasmCgroup Policy Tier -> SYSTEM
 LOG | SYSTEM | INFO  |  daemon.taskwasm: [8e7c12bf] Global Cgroup default tier updated -> SYSTEM
SUMMARY🔥| TEST_EXECUTION | INFO  |  [G:0.4] [Acc:-0.8] space.runner:   └─ Policy successfully enforced to SYSTEM.
SUMMARY🔥| TEST_EXECUTION | INFO  |  [G:0.4] [Acc:-0.7] space.runner: 
=== [DONE] Scenarios Completed: 25 Passed, 0 Failed ===
 LOG | TEST_EXECUTION | INFO  |  wasm.tester: 
>>> [PHASE] Starting Test Suite: ANCHOR <<<
 LOG | TEST_EXECUTION | INFO  |  scene.eco: 
=== [START] Unified Master Pipeline (Eco + Anchor) ===
 LOG | TEST_EXECUTION | INFO  |  scene.eco: 
=== [PHASE 1] Executing Unified Ecosystem & Eco Structural Scenarios ===
 LOG | TEST_EXECUTION | INFO  |  scene.eco: 
--- [Data Pipeline] Phase 2: Provenance Fingerprinting ---
SUMMARY🔥| TEST_EXECUTION | INFO  |  [G:0.4] [Acc:-0.7] space.runner: 
[TEST] Pipeline: Compute Tamper-Proof Root Fingerprint (Func: compute_root_fingerprint)
 LOG | SYSTEM | INFO  |  wasm.quota: [worker-4495672016] enforced: Tier=SYSTEM, Mem=256MB, Fuel=2,000,000,000
SUMMARY🔥| TEST_EXECUTION | INFO  |  [G:0.4] [Acc:-0.6] space.runner:   [PASS] Time: 2.83ms | Output: {"fingerprint": "fbf9377934509f49080537a62541c60464747c3ca9e67422346b0cca7019ce22", "input_bytes": 42}
 LOG | TEST_EXECUTION | INFO  |  scene.eco: 
--- [Data Pipeline] Phase 3: Epoch Initialization & Parity Triplet ---
SUMMARY🔥| TEST_EXECUTION | INFO  |  [G:0.4] [Acc:-0.5] space.runner: 
[TEST] Pipeline: Generate Parity Triplet (init_epoch) (Func: init_epoch)
SUMMARY🔥| SYSTEM | INFO  |  [G:0.9] [Acc:-0.3] wasm.quota: [worker-4495838912] enforced: Tier=SYSTEM, Mem=256MB, Fuel=2,000,000,000
SUMMARY🔥| TEST_EXECUTION | INFO  |  [G:0.3] [Acc:-0.4] space.runner:   [PASS] Time: 1.25ms | Output: {"nexus_id": 3091208197, "phase_id": 25171973, "topos_id": "99313476794580992"}
 LOG | TEST_EXECUTION | INFO  |  scene.eco: 
--- [Data Pipeline] Phase 4: Self-Healing Recovery ---
SUMMARY🔥| TEST_EXECUTION | INFO  |  [G:0.3] [Acc:-0.3] space.runner: 
[TEST] Pipeline: Recover Lost Data via XOR Parity (Func: verify_parity)
SUMMARY🔥| SYSTEM | INFO  |  [G:0.8] [Acc:-0.2] wasm.quota: [worker-4495690496] enforced: Tier=SYSTEM, Mem=256MB, Fuel=2,000,000,000
SUMMARY🔥| TEST_EXECUTION | INFO  |  [G:0.3] [Acc:-0.2] space.runner:   [PASS] Time: 1.14ms | Output: {"is_valid": true, "recovered_missing": 810427, "recovered_type": "phase_id"}
 LOG | TEST_EXECUTION | INFO  |  scene.eco: 
--- [State Engine] Phase 1: Ecosystem Tension Evaluation ---
SUMMARY🔥| TEST_EXECUTION | INFO  |  [G:0.3] [Acc:-0.1] space.runner: 
[TEST] Engine: Evaluate Network Tension & Load (Func: evaluate_tension)
SUMMARY🔥| SYSTEM | INFO  |  [G:0.8] [Acc:-0.1] wasm.quota: [worker-4495691104] enforced: Tier=SYSTEM, Mem=256MB, Fuel=2,000,000,000
SUMMARY🔥| TEST_EXECUTION | INFO  |  [G:0.3] [Acc:0.0] space.runner:   [PASS] Time: 1.26ms | Output: {"lambda": 0.5, "state": "Fragmented"}
 LOG | TEST_EXECUTION | INFO  |  scene.eco: 
--- [State Engine] Phase 2: Protocol State Evolution ---
SUMMARY🔥| TEST_EXECUTION | INFO  |  [G:0.3] [Acc:0.2] space.runner: 
[TEST] Engine: Process High-Speed Off-chain Evolution (Func: process_evolution)
SUMMARY🔥| SYSTEM | INFO  |  [G:0.7] [Acc:0.0] wasm.quota: [worker-4495671376] enforced: Tier=SYSTEM, Mem=256MB, Fuel=2,000,000,000
SUMMARY🔥| TEST_EXECUTION | INFO  |  [G:0.3] [Acc:0.3] space.runner:   [PASS] Time: 1.67ms | Output: {"all_residues": [{"kind": "INFO", "msg": "Inverted: pending_proposal -> core_pending_proposal"}, {"kind": "TRANSITION", "msg": "Topology Mutated"}], 
 LOG | TEST_EXECUTION | INFO  |  scene.eco: 
--- [State Engine] Phase 3: Epoch Sealing & Consensus ---
SUMMARY🔥| TEST_EXECUTION | INFO  |  [G:0.3] [Acc:0.4] space.runner: 
[TEST] Engine: Seal Epoch & Finalize State Transition (Func: seal_epoch)
SUMMARY🔥| SYSTEM | INFO  |  [G:0.7] [Acc:0.2] wasm.quota: [worker-4495672016] enforced: Tier=SYSTEM, Mem=256MB, Fuel=2,000,000,000
SUMMARY🔥| TEST_EXECUTION | INFO  |  [G:0.3] [Acc:0.5] space.runner:   [PASS] Time: 3.55ms | Output: {"anchor_result": {"commit_hash": "90b3abc4210b7aeab6646ea8dbc73b7c10f1462dc788424c5d7e20ef3118719a", "payload_json": "{\"cached_states\":{\"tension_r
 LOG | TEST_EXECUTION | INFO  |  scene.eco: 
--- [Eco Pipeline] Phase 2: Trustless Execution (Sandboxed) ---
SUMMARY🔥| TEST_EXECUTION | INFO  |  [G:0.3] [Acc:0.6] space.runner: 
[TEST] Eco: Execute Constrained Task (Fuel Tracked) (Func: execute_code)
SUMMARY🔥| SYSTEM | INFO  |  [G:0.6] [Acc:0.3] wasm.quota: [worker-4495838912] enforced: Tier=STANDARD, Mem=64MB, Fuel=10,000,000
SUMMARY🔥| SYSTEM | INFO  |  [G:0.9] [Acc:-0.1] daemon.taskwasm: [44ede4ec] 🔓 Entering Python Legacy Jail (Tier: STANDARD, Cached: True)
 LOG | SYSTEM | INFO  |  inter.python: [Deno RPC Request] -> {"jsonrpc": "2.0", "method": "execute", "params": {"code": "\ndef analyze_risk():\n    return 'Validated Risk Score: 42.5'\nprint(analyze_risk())\n", "context": {"phase": "TEST_EXECUTION", "flow_id": "99313371769352192", "timestamp": 1790903778038, "timeout": 5.0, "seed": "dphi_secure_fallback_seed"}}, "id": 4}
SUMMARY🔥| SYSTEM | INFO  |  [G:0.8] daemon.taskwasm: [44ede4ec] ⏱️ [Perf] ⚡(Cached) Wait: 0.00ms | Exec: 7.59ms | Total: 7.59ms
SUMMARY🔥| SYSTEM | INFO  |  [G:0.8] [Acc:0.1] daemon.taskwasm: [44ede4ec] 📊 Sandbox Metrics: {'mem_usage_bytes': 22677, 'mem_peak_bytes': 47791, 'fuel_consumed': 9525, 'fuel_remaining': 9990475, 'tier': 'STANDARD', 'timing_ms': {'wait': 0.0, 'spawn': 0.0, 'exec': 7.59}}
SUMMARY🔥| TEST_EXECUTION | INFO  |  [G:0.3] [Acc:0.7] space.runner:   [PASS] Time: 25.24ms | Output: Validated Risk Score: 42.5 
 LOG | TEST_EXECUTION | INFO  |  scene.eco: 
--- [Eco Pipeline] Phase 3: Cryptographic Proof Generation ---
SUMMARY🔥| TEST_EXECUTION | INFO  |  [G:0.2] [Acc:0.8] space.runner: 
[TEST] Eco: Generate Proof-of-Compute (Func: generate_proof)
SUMMARY🔥| TEST_EXECUTION | INFO  |  [G:0.2] [Acc:0.9] space.runner:   [PASS] Time: 0.87ms | Output: {"canonical_payload_len": 105, "current_hash": "6631c436b8d1a764a456f36bca84e59b7f7afcab15d03bb1aa1d789a654d8111"}
SUMMARY🔥| TEST_EXECUTION | INFO  |  [G:0.9] [Acc:1.2] scene.eco: 
--- [Eco Pipeline] Phase 4: Cryptographic PhaseStore Inscription ---
SUMMARY🔥| TEST_EXECUTION | INFO  |  [G:0.2] [Acc:1.1] space.runner: 
[TEST] Eco: Inscribe Transaction for State Finality (Nexus ID) (Func: inscribe_actor)
SUMMARY🔥| TEST_EXECUTION | INFO  |  [G:0.2] [Acc:1.1] space.runner:   [PASS] Time: 1.54ms | Output: {"commit_hash": "8fd06f73d318ce5a9ff62a88cf99903baf860d57c15cba6b68df58f436452e38", "payload_json": "{\"nexus_id\":907049,\"parent_commit_id\":\"proof
SUMMARY🔥| TEST_EXECUTION | INFO  |  [G:0.8] [Acc:1.4] scene.eco: 
--- [Exchange Pipeline] P2P Order Ingress & Deterministic Settlement ---
SUMMARY🔥| TEST_EXECUTION | INFO  |  [G:0.8] [Acc:1.5] scene.eco: 
--- [Gateway Ingress] Validating trade intent from 47655d60... ---
[Telemetry] 🚨 Burst Alert Triggered on 'TEST_EXECUTION:scene.eco' (Acc: 1.59) Den: 7.00)
SUMMARY🔥| TEST_EXECUTION | INFO  |  [G:0.1] [Acc:1.6] scene.eco:   └─ [Ingress Validated] Topos: 99313476983324672, Phase: 25581573
[Telemetry] 🟢 System Stabilized on 'SYSTEM:wasm.quota'
[Telemetry] 🚨 Burst Alert Triggered on 'TEST_EXECUTION:scene.eco' (Acc: 1.82) Den: 8.00)
[Telemetry] 🟢 System Stabilized on 'TEST_EXECUTION:space.runner'
SUMMARY🔥| TEST_EXECUTION | INFO  |  [G:0.2] [Acc:1.2] space.runner: 
[TEST] Trade Settlement: 3-of-3 Multi-sig State Committed to Nexus (Func: seal_epoch)
SUMMARY🔥| TEST_EXECUTION | INFO  |  [G:0.2] [Acc:1.4] space.runner:   [PASS] Time: 1.31ms | Output: {"anchor_result": {"commit_hash": "4cb37b3c396d4073dea950253a704bee151b46c06e756267fc2c8bd2ce77882f", "payload_json": "{\"cached_states\":{},\"parent_
 LOG | TEST_EXECUTION | INFO  |  adapter.transaction: [ExchangeAdapter] Settlement Finalized. Topos: clearing_batch_1790903778, Parity: 0, Cost: $0.000350
[Telemetry] 🚨 Burst Alert Triggered on 'TEST_EXECUTION:scene.eco' (Acc: 2.27) Den: 10.00)
[Telemetry] 🟢 System Stabilized on 'TEST_EXECUTION:space.runner'
SUMMARY🔥| TEST_EXECUTION | INFO  |  [G:0.2] [Acc:1.5] space.runner: 
[TEST] Ledger: 2-of-3 Valid Multi-sig (Func: seal_epoch)
[Telemetry] 🚨 Burst Alert Triggered on 'TEST_EXECUTION:space.runner' (Acc: 1.59) Den: 23.50)
[Telemetry] 🟢 System Stabilized on 'SYSTEM:wasm.quota'
[Telemetry] 🚨 Burst Alert Triggered on 'TEST_EXECUTION:space.runner' (Acc: 1.80) Den: 24.50)
[Telemetry] 🟢 System Stabilized on 'SYSTEM:wasm.quota'
[Telemetry] 🚨 Burst Alert Triggered on 'TEST_EXECUTION:space.runner' (Acc: 2.01) Den: 25.50)
[Telemetry] 🟢 System Stabilized on 'SYSTEM:wasm.quota'
[Telemetry] 🚨 Burst Alert Triggered on 'TEST_EXECUTION:space.runner' (Acc: 2.23) Den: 26.50)
[Telemetry] 🟢 System Stabilized on 'TEST_EXECUTION:infra.e2e.epoch'
 LOG | TEST_EXECUTION | INFO  |  infra.e2e.epoch: 
=== [Lifecycle START] AI Agent Swarm Consensus (M-of-N) ===
 LOG | TEST_EXECUTION | INFO  |  infra.e2e.epoch: --- [Flow 1] Initialization: Requesting Parity Triplet ---
 LOG | TEST_EXECUTION | INFO  |  infra.e2e.epoch:   └─ Generated Nexus ID: 3380609026
 LOG | TEST_EXECUTION | INFO  |  infra.e2e.epoch: --- [Flow 1.5] Economy: AP2 Mandate Validation ---
 LOG | TEST_EXECUTION | INFO  |  infra.e2e.epoch: --- [Flow 2] Inscription: Gathering Local Node States ---
[Telemetry] 🚨 Burst Alert Triggered on 'TEST_EXECUTION:space.runner' (Acc: 2.31) Den: 27.00)
[Telemetry] 🟢 System Stabilized on 'SYSTEM:wasm.quota'
[Telemetry] 🚨 Burst Alert Triggered on 'TEST_EXECUTION:space.runner' (Acc: 2.42) Den: 27.50)
SUMMARY🔥| SYSTEM | INFO  |  [G:0.1] [Acc:1.5] wasm.quota: [worker-4495691104] enforced: Tier=SYSTEM, Mem=256MB, Fuel=2,000,000,000
[Telemetry] 🟢 System Stabilized on 'TEST_EXECUTION:infra.e2e.epoch'
 LOG | TEST_EXECUTION | INFO  |  infra.e2e.epoch: --- [Flow 2.5] Economy: Off-chain Capability Token Issuance / Metering ---
 LOG | TEST_EXECUTION | INFO  |  infra.e2e.epoch: --- [Flow 3] Sealing: Cryptographic Epoch Alignment ---
[Telemetry] 🚨 Burst Alert Triggered on 'SYSTEM:wasm.quota' (Acc: 1.72) Den: 15.00)
[Telemetry] 🟢 System Stabilized on 'TEST_EXECUTION:infra.e2e.epoch'
 LOG | TEST_EXECUTION | INFO  |  infra.e2e.epoch:   └─ Epoch Sealed Successfully via Multi-sig Consensus.
 LOG | TEST_EXECUTION | INFO  |  infra.e2e.epoch: --- [Flow 4] Transition: Validating & Applying State Evolution ---
[Telemetry] 🚨 Burst Alert Triggered on 'TEST_EXECUTION:space.runner' (Acc: 2.88) Den: 30.00)
[Telemetry] 🟢 System Stabilized on 'TEST_EXECUTION:infra.e2e.epoch'
 LOG | TEST_EXECUTION | INFO  |  infra.e2e.epoch: --- [Flow 5] Finality: Zero-Trust Parity & Recovery Verification ---
[Telemetry] 🚨 Burst Alert Triggered on 'TEST_EXECUTION:space.runner' (Acc: 3.11) Den: 31.00)
[Telemetry] 🟢 System Stabilized on 'TEST_EXECUTION:infra.e2e.epoch'
SUMMARY🔥| TEST_EXECUTION | INFO  |  [G:0.9] [Acc:1.2] infra.e2e.epoch: 
=== [Lifecycle START] Cross-Repo Provenance Alignment (M-of-N) ===
SUMMARY🔥| TEST_EXECUTION | INFO  |  [G:0.8] [Acc:1.4] infra.e2e.epoch: --- [Flow 1] Initialization: Requesting Parity Triplet ---
[Telemetry] 🚨 Burst Alert Triggered on 'SYSTEM:wasm.quota' (Acc: 2.06) Den: 16.50)
[Telemetry] 🟢 System Stabilized on 'TEST_EXECUTION:infra.e2e.epoch'
SUMMARY🔥| TEST_EXECUTION | INFO  |  [G:0.8] [Acc:1.5] infra.e2e.epoch:   └─ Generated Nexus ID: 3422957765
[Telemetry] 🚨 Burst Alert Triggered on 'TEST_EXECUTION:infra.e2e.epoch' (Acc: 1.59) Den: 7.00)
SUMMARY🔥| TEST_EXECUTION | INFO  |  [G:0.1] [Acc:1.6] infra.e2e.epoch: --- [Flow 1.5] Economy: AP2 Mandate Validation ---
[Telemetry] 🟢 System Stabilized on 'TEST_EXECUTION:wasm.tester'
 LOG | TEST_EXECUTION | INFO  |  wasm.tester: 
>>> [PHASE] Starting Test Suite: CERT <<<
 LOG | TEST_EXECUTION | INFO  |  scene.sandbox: 
=======================================================
 LOG | TEST_EXECUTION | INFO  |  scene.sandbox: 🚀 [START] Master System Certification Pipeline (4 Core Proofs)
 LOG | TEST_EXECUTION | INFO  |  scene.sandbox: =======================================================

[Telemetry] 🚨 Burst Alert Triggered on 'TEST_EXECUTION:space.runner' (Acc: 4.36) Den: 36.50)
[Telemetry] 🟢 System Stabilized on 'SYSTEM:daemon.taskwasm'
SUMMARY🔥| SYSTEM | INFO  |  [G:0.7] [Acc:0.2] daemon.taskwasm: [4d1fe2c6] Global Cgroup default tier updated -> SYSTEM
[Telemetry] 🚨 Burst Alert Triggered on 'TEST_EXECUTION:space.runner' (Acc: 4.47) Den: 37.00)
[Telemetry] 🟢 System Stabilized on 'TEST_EXECUTION:scene.sandbox'
 LOG | TEST_EXECUTION | INFO  |  scene.sandbox: 
--- [Proof 1] Gas Boundary & Memory Trap ---
[Telemetry] 🚨 Burst Alert Triggered on 'TEST_EXECUTION:space.runner' (Acc: 4.58) Den: 37.50)
[Telemetry] 🟢 System Stabilized on 'SYSTEM:daemon.taskwasm'
SUMMARY🔥| SYSTEM | INFO  |  [G:0.7] [Acc:0.3] daemon.taskwasm: [c679f45b] Global Cgroup default tier updated -> STANDARD
[Telemetry] 🚨 Burst Alert Triggered on 'TEST_EXECUTION:space.runner' (Acc: 4.70) Den: 38.00)
[Telemetry] 🟢 System Stabilized on 'SYSTEM:daemon.taskwasm'
SUMMARY🔥| SYSTEM | INFO  |  [G:0.6] [Acc:0.4] daemon.taskwasm: [e8fb5e74] 🔓 Entering Python Legacy Jail (Tier: STANDARD, Cached: True)
 LOG | SYSTEM | INFO  |  inter.python: [Deno RPC Request] -> {"jsonrpc": "2.0", "method": "execute", "params": {"code": "\nstate_mock = []\nwhile True:\n    state_mock.append('A' * 1024)\n", "context": {"phase": "TEST_EXECUTION", "flow_id": "99313371769352192", "timestamp": 1790903778117, "timeout": 5.0, "seed": "dphi_secure_fallback_seed"}}, "id": 4}
 LOG | SYSTEM | INFO  |  daemon.taskwasm: [e8fb5e74] ⏱️ [Perf] ⚡(Cached) Wait: 0.00ms | Exec: 2321.96ms | Total: 2321.96ms
 LOG | SYSTEM | INFO  |  daemon.taskwasm: [e8fb5e74] 📊 Sandbox Metrics: {'mem_usage_bytes': 22042812, 'mem_peak_bytes': 22138500, 'fuel_consumed': 10000000, 'fuel_remaining': 0, 'tier': 'STANDARD', 'timing_ms': {'wait': 0.0, 'spawn': 0.0, 'exec': 2321.96}}
 LOG | TEST_EXECUTION | INFO  |  space.runner:   [PASS] Time: 0.00ms | Output: Fuel/Memory Trap triggered successfully. Error: RuntimeError: ['Quota Error: CPU Fuel Quota Exceeded (10000000)']
 LOG | TEST_EXECUTION | INFO  |  space.runner: 
[Control Plane] Shifting WasmCgroup Policy Tier -> SYSTEM
 LOG | SYSTEM | INFO  |  daemon.taskwasm: [cab77bc3] Global Cgroup default tier updated -> SYSTEM
 LOG | TEST_EXECUTION | INFO  |  space.runner:   └─ Policy successfully enforced to SYSTEM.
 LOG | TEST_EXECUTION | INFO  |  scene.sandbox: 
--- [Proof 3] Floating-Point Determinism ---
SUMMARY🔥| SYSTEM | INFO  |  [G:0.4] [Acc:1.2] wasm.quota: [worker-4495672016] enforced: Tier=SYSTEM, Mem=256MB, Fuel=2,000,000,000 (x3)
 LOG | SYSTEM | INFO  |  wasm.quota: [worker-4495672016] enforced: Tier=SYSTEM, Mem=256MB, Fuel=2,000,000,000
 LOG | SYSTEM | INFO  |  daemon.taskwasm: [ecccd1e3] 🔓 Entering Python Legacy Jail (Tier: SYSTEM, Cached: True)
 LOG | SYSTEM | INFO  |  inter.python: [Deno RPC Request] -> {"jsonrpc": "2.0", "method": "execute", "params": {"code": "\nimport math\n# \ube44\uc120\ud615 \uc5f0\uc0b0 \ud6c4 15\uc790\ub9ac \uc815\ubc00\ub3c4\ub85c \ucd9c\ub825\nval = sum(math.sin(i * 0.1) * math.cos(i * 0.05) for i in range(1000))\nprint(f\"{val:.15f}\")\n", "context": {"phase": "TEST_EXECUTION", "flow_id": "99313371769352192", "timestamp": 1790903780499, "timeout": 5.0, "seed": "dphi_secure_fallback_seed"}}, "id": 4}
 LOG | SYSTEM | INFO  |  daemon.taskwasm: [ecccd1e3] ⏱️ [Perf] ⚡(Cached) Wait: 0.00ms | Exec: 11.47ms | Total: 11.47ms
 LOG | SYSTEM | INFO  |  daemon.taskwasm: [ecccd1e3] 📊 Sandbox Metrics: {'mem_usage_bytes': 17260, 'mem_peak_bytes': 49941, 'fuel_consumed': 0, 'fuel_remaining': -1, 'tier': 'SYSTEM', 'timing_ms': {'wait': 0.0, 'spawn': 0.0, 'exec': 11.47}}
SUMMARY🔥| SYSTEM | INFO  |  [G:0.4] [Acc:1.3] wasm.quota: [worker-4495838912] enforced: Tier=SYSTEM, Mem=256MB, Fuel=2,000,000,000 (x3)
 LOG | SYSTEM | INFO  |  wasm.quota: [worker-4495838912] enforced: Tier=SYSTEM, Mem=256MB, Fuel=2,000,000,000
 LOG | SYSTEM | INFO  |  daemon.taskwasm: [01cbd776] 🔓 Entering Python Legacy Jail (Tier: SYSTEM, Cached: True)
 LOG | SYSTEM | INFO  |  inter.python: [Deno RPC Request] -> {"jsonrpc": "2.0", "method": "execute", "params": {"code": "\nimport math\n# \ube44\uc120\ud615 \uc5f0\uc0b0 \ud6c4 15\uc790\ub9ac \uc815\ubc00\ub3c4\ub85c \ucd9c\ub825\nval = sum(math.sin(i * 0.1) * math.cos(i * 0.05) for i in range(1000))\nprint(f\"{val:.15f}\")\n", "context": {"phase": "TEST_EXECUTION", "flow_id": "99313371769352192", "timestamp": 1790903780527, "timeout": 5.0, "seed": "dphi_secure_fallback_seed"}}, "id": 4}
 LOG | SYSTEM | INFO  |  daemon.taskwasm: [01cbd776] ⏱️ [Perf] ⚡(Cached) Wait: 0.00ms | Exec: 9.79ms | Total: 9.80ms
 LOG | SYSTEM | INFO  |  daemon.taskwasm: [01cbd776] 📊 Sandbox Metrics: {'mem_usage_bytes': 17227, 'mem_peak_bytes': 49908, 'fuel_consumed': 0, 'fuel_remaining': -1, 'tier': 'SYSTEM', 'timing_ms': {'wait': 0.0, 'spawn': 0.0, 'exec': 9.79}}
SUMMARY🔥| SYSTEM | INFO  |  [G:0.4] [Acc:1.4] wasm.quota: [worker-4495690496] enforced: Tier=SYSTEM, Mem=256MB, Fuel=2,000,000,000 (x4)
 LOG | SYSTEM | INFO  |  wasm.quota: [worker-4495690496] enforced: Tier=SYSTEM, Mem=256MB, Fuel=2,000,000,000
 LOG | SYSTEM | INFO  |  daemon.taskwasm: [95d2890f] 🔓 Entering Python Legacy Jail (Tier: SYSTEM, Cached: True)
 LOG | SYSTEM | INFO  |  inter.python: [Deno RPC Request] -> {"jsonrpc": "2.0", "method": "execute", "params": {"code": "\nimport math\n# \ube44\uc120\ud615 \uc5f0\uc0b0 \ud6c4 15\uc790\ub9ac \uc815\ubc00\ub3c4\ub85c \ucd9c\ub825\nval = sum(math.sin(i * 0.1) * math.cos(i * 0.05) for i in range(1000))\nprint(f\"{val:.15f}\")\n", "context": {"phase": "TEST_EXECUTION", "flow_id": "99313371769352192", "timestamp": 1790903780552, "timeout": 5.0, "seed": "dphi_secure_fallback_seed"}}, "id": 4}
SUMMARY🔥| SYSTEM | INFO  |  [G:0.9] [Acc:1.2] daemon.taskwasm: [95d2890f] ⏱️ [Perf] ⚡(Cached) Wait: 0.00ms | Exec: 9.99ms | Total: 9.99ms
SUMMARY🔥| SYSTEM | INFO  |  [G:0.8] [Acc:1.4] daemon.taskwasm: [95d2890f] 📊 Sandbox Metrics: {'mem_usage_bytes': 17290, 'mem_peak_bytes': 49941, 'fuel_consumed': 0, 'fuel_remaining': -1, 'tier': 'SYSTEM', 'timing_ms': {'wait': 0.0, 'spawn': 0.0, 'exec': 9.99}}
 LOG | TEST_EXECUTION | INFO  |  space.runner:   [PASS] Time: 0.00ms | Output: Perfect Determinism achieved. Result: 1.595196469450608
 LOG | TEST_EXECUTION | INFO  |  scene.sandbox: 
--- [Proof 4] Byzantine Fault & Quarantine ---
 LOG | TEST_EXECUTION | INFO  |  space.runner: 
[TEST] Byzantine Defense: Quarantine rogue signature & accept 2-of-3 threshold (Func: seal_epoch)
SUMMARY🔥| SYSTEM | INFO  |  [G:0.4] [Acc:1.0] wasm.quota: [worker-4495691104] enforced: Tier=SYSTEM, Mem=256MB, Fuel=2,000,000,000 (x3)
 LOG | SYSTEM | INFO  |  wasm.quota: [worker-4495691104] enforced: Tier=SYSTEM, Mem=256MB, Fuel=2,000,000,000
 LOG | TEST_EXECUTION | INFO  |  space.runner:   [PASS] Time: 1.73ms | Output: {"anchor_result": {"commit_hash": "f099fdc0738917003d8e6ed0cfaad3bb9e784cd82503b304494fa90204c36c8f", "payload_json": "{\"cached_states\":{},\"parent_
 LOG | TEST_EXECUTION | INFO  |  space.runner: 
=== [DONE] Scenarios Completed: 3 Passed, 0 Failed ===
 LOG | TEST_EXECUTION | INFO  |  wasm.tester: 
>>> [PHASE] Starting Test Suite: DYNAMICS <<<
 LOG | TEST_EXECUTION | INFO  |  scene.sandbox: 
=======================================================
 LOG | TEST_EXECUTION | INFO  |  scene.sandbox: 🌌 [START] Field Dynamics & Continuous Math Kernel Suite
 LOG | TEST_EXECUTION | INFO  |  scene.sandbox: =======================================================

 LOG | TEST_EXECUTION | INFO  |  space.runner: 
[Control Plane] Shifting WasmCgroup Policy Tier -> SYSTEM
SUMMARY🔥| SYSTEM | INFO  |  [G:0.8] [Acc:1.5] daemon.taskwasm: [04531201] Global Cgroup default tier updated -> SYSTEM
 LOG | TEST_EXECUTION | INFO  |  space.runner:   └─ Policy successfully enforced to SYSTEM.
 LOG | TEST_EXECUTION | INFO  |  scene.sandbox: 
--- [Kernel] Kuramoto Oscillator Sync ---
SUMMARY🔥| SYSTEM | INFO  |  [G:0.4] [Acc:1.1] wasm.quota: [worker-4495671376] enforced: Tier=SYSTEM, Mem=256MB, Fuel=2,000,000,000 (x3)
 LOG | SYSTEM | INFO  |  wasm.quota: [worker-4495671376] enforced: Tier=SYSTEM, Mem=256MB, Fuel=2,000,000,000
 LOG | TEST_EXECUTION | INFO  |  space.runner:   [PASS] Time: 0.00ms | Output: Kuramoto Math Verified. d_phase: 0.1000
 LOG | TEST_EXECUTION | INFO  |  scene.sandbox: 
--- [Kernel] FitzHugh-Nagumo Action Potential ---
 LOG | SYSTEM | INFO  |  wasm.quota: [worker-4495672016] enforced: Tier=SYSTEM, Mem=256MB, Fuel=2,000,000,000
SUMMARY🔥| TEST_EXECUTION | INFO  |  [G:0.9] [Acc:1.2] space.runner:   [PASS] Time: 0.00ms | Output: FHN Spiking logic and high tension (100.0) accurately triggered.
 LOG | TEST_EXECUTION | INFO  |  scene.sandbox: 
--- [Topology] Attractor / Reflector Bypass ---
 LOG | SYSTEM | INFO  |  wasm.quota: [worker-4495838912] enforced: Tier=SYSTEM, Mem=256MB, Fuel=2,000,000,000
SUMMARY🔥| TEST_EXECUTION | INFO  |  [G:0.8] [Acc:1.4] space.runner:   [PASS] Time: 0.00ms | Output: Attractor & Reflector correctly bypassed O(N^2) interactions.
 LOG | TEST_EXECUTION | INFO  |  scene.sandbox: 
--- [Guard] Dynamics Payload FFI Boundary ---
 LOG | SYSTEM | INFO  |  wasm.quota: [worker-4495690496] enforced: Tier=SYSTEM, Mem=256MB, Fuel=2,000,000,000
SUMMARY🔥| TEST_EXECUTION | INFO  |  [G:0.8] [Acc:1.5] space.runner:   [PASS] Time: 0.00ms | Output: Correctly trapped bad payload: Malformed JSON
 LOG | SYSTEM | INFO  |  wasm.quota: [worker-4495691104] enforced: Tier=SYSTEM, Mem=256MB, Fuel=2,000,000,000
[Telemetry] 🚨 Burst Alert Triggered on 'TEST_EXECUTION:space.runner' (Acc: 1.59) Den: 7.00)
[Telemetry] 🟢 System Stabilized on 'TEST_EXECUTION:wasm.tester'
 LOG | TEST_EXECUTION | INFO  |  wasm.tester: 
[SYSTEM] Generating Canonical Proof for entire test run...
 LOG | SYSTEM | INFO  |  wasm.quota: [worker-4495671376] enforced: Tier=SYSTEM, Mem=256MB, Fuel=2,000,000,000
 LOG | TEST_EXECUTION | INFO  |  wasm.tester: [Ledger] Test Execution Proof successfully sealed! Hash: bd3700525b58fccc2701af2411497caea30664811cd16f8ade14b12279664ce7
 LOG | SYSTEM | INFO  |  wasm.tester: [SYSTEM] Tearing down Sandbox (Shutting down Supervisor)...
 LOG | SYSTEM | INFO  |  xphi.kernel.ops.task.supervisor: [Supervisor] Gracefully stopping 1 daemons concurrently...
 LOG | SYSTEM | INFO  |  e2e.wasm.phase: 
===========================================================================
 LOG | SYSTEM | INFO  |  e2e.wasm.phase:                         🚀 PIPELINE EXECUTION REPORT                        
 LOG | SYSTEM | INFO  |  e2e.wasm.phase: ===========================================================================
 LOG | SYSTEM | INFO  |  wasm.entry: 🟢 [SUCCESS] All Test Suites (sandbox, anchor, cert, dynamics) PASSED.
 LOG | SYSTEM | INFO  |  wasm.entry: 🔗 Execution Canonical Hash: bd3700525b58fccc2701af2411497caea30664811cd16f8ade14b12279664ce7
 LOG | SYSTEM | INFO  |  e2e.wasm.phase: ===========================================================================

[Reactor] 🏁 Lifecycle terminated cleanly.
SUMMARY🔥| TEST_EXECUTION | INFO  |  [G:0.1] [Acc:1.7] space.runner: [space.runner] Bursting logs suppressed... (x39)
SUMMARY🔥| TEST_EXECUTION | INFO  |  [G:0.1] [Acc:3.0] scene.eco: [scene.eco] Bursting logs suppressed... (x13)
SUMMARY🔥| SYSTEM | INFO  |  [G:0.1] [Acc:2.7] wasm.quota: [wasm.quota] Bursting logs suppressed... (x12)
SUMMARY🔥| TEST_EXECUTION | INFO  |  [G:0.1] [Acc:2.3] infra.e2e.epoch: [infra.e2e.epoch] Bursting logs suppressed... (x7)